******************************************************************************
                  TI ARM Linker PC v18.12.4                    
******************************************************************************
>> Linked Wed Mar  2 16:56:59 2022

OUTPUT FILE NAME:   <Final Project AWS2.out>
ENTRY POINT SYMBOL: "_c_int00_noargs"  address: 2000f7e9


MEMORY CONFIGURATION

         name            origin    length      used     unused   attr    fill
----------------------  --------  ---------  --------  --------  ----  --------
  SRAM_CODE             20004000   00013000  0000ca64  0000659c  RW X
  SRAM_DATA             20017000   00019000  000092ce  0000fd32  RW X


SEGMENT ALLOCATION MAP

run origin  load origin   length   init length attrs members
----------  ----------- ---------- ----------- ----- -------
20004000    20004000    0000ca70   0000ca70    r-x
  20004000    20004000    00000400   00000400    r-- .intvecs
  20004400    20004400    0000ba9a   0000ba9a    r-x .text
  2000fea0    2000fea0    00000b6a   00000b6a    r-- .const
  20010a10    20010a10    00000060   00000060    r-- .cinit
20017000    20017000    000082d0   00000000    rw-
  20017000    20017000    00008000   00000000    rw- .sysmem
  2001f000    2001f000    0000021a   00000000    rw- .bss
  2001f21c    2001f21c    000000b4   00000000    rw- .data
2002f000    2002f000    00001000   00000000    rw-
  2002f000    2002f000    00001000   00000000    rw- .stack


SECTION ALLOCATION MAP

 output                                  attributes/
section   page    origin      length       input sections
--------  ----  ----------  ----------   ----------------
.intvecs   0    20004000    00000400     
                  20004000    00000400     startup_ccs.obj (.intvecs)

.init_array 
*          0    20004000    00000000     UNINITIALIZED

.text      0    20004400    0000ba9a     
                  20004400    00001470     main.obj (.text)
                  20005870    00000a80     Adafruit_GFX.obj (.text)
                  200062f0    00000a4e     rtsv7M4_T_le_eabi.lib : _printfi.c.obj (.text:__TI_printfi)
                  20006d3e    00000002     driverlib.a : interrupt.obj (.text:IntDefaultHandler)
                  20006d40    000009bc     rtsv7M4_T_le_eabi.lib : e_pow.c.obj (.text:pow)
                  200076fc    000008e4     test.obj (.text)
                  20007fe0    00000590     simplelink.a : driver.obj (.text:_SlDrvMsgRead)
                  20008570    0000049a     Adafruit_OLED.obj (.text)
                  20008a0a    00000002     rtsv7M4_T_le_eabi.lib : _lock.c.obj (.text:_nop)
                  20008a0c    00000430     tmp006drv.obj (.text)
                  20008e3c    00000398     gpio_if.obj (.text)
                  200091d4    00000284     i2c_if.obj (.text)
                  20009458    00000280     uart_if.obj (.text)
                  200096d8    0000027c     simplelink.a : wlan.obj (.text:sl_WlanConnect)
                  20009954    00000268     rtsv7M4_T_le_eabi.lib : _printfi.c.obj (.text:_pconv_a)
                  20009bbc    0000024c     simplelink.a : driver.obj (.text:_SlDrvRxHdrRead)
                  20009e08    000001e4                  : driver.obj (.text:_SlDrvDataReadOp)
                  20009fec    000001d0                  : driver.obj (.text:_SlDrvReleasePoolObj)
                  2000a1bc    000001cc     rtsv7M4_T_le_eabi.lib : _printfi.c.obj (.text:_pconv_g)
                  2000a388    000001b6                           : fd_add_t2.asm.obj (.text)
                  2000a53e    00000002                           : div0.asm.obj (.text)
                  2000a540    000001b4     simplelink.a : driver.obj (.text:_SlDrvDriverCBInit)
                  2000a6f4    0000019c                  : driver.obj (.text:_SlDrvMsgWrite)
                  2000a890    00000190                  : driver.obj (.text:_SlDrvWaitForPoolObj)
                  2000aa20    0000018c                  : socket.obj (.text:sl_Connect)
                  2000abac    00000178     driverlib.a : prcm.obj (.text:PRCMCC3200MCUInit)
                  2000ad24    00000170     simplelink.a : driver.obj (.text:_SlFindAndSetActiveObj)
                  2000ae94    0000015c     rtsv7M4_T_le_eabi.lib : e_sqrt.c.obj (.text:sqrt)
                  2000aff0    00000150     simplelink.a : driver.obj (.text:_SlDrvDataWriteOp)
                  2000b140    00000148                  : cc_pal.obj (.text:spi_Open)
                  2000b288    00000144                  : driver.obj (.text:_SlDrvMsgReadCmdCtx)
                  2000b3cc    00000144                  : netapp.obj (.text:sl_NetAppDnsGetHostByName)
                  2000b510    0000013c     rtsv7M4_T_le_eabi.lib : _printfi.c.obj (.text:_pconv_e)
                  2000b64c    00000136                           : fd_div_t2.asm.obj (.text)
                  2000b782    00000002     --HOLE-- [fill = 0]
                  2000b784    00000134     simplelink.a : socket.obj (.text:sl_Send)
                  2000b8b8    00000130                  : driver.obj (.text:_SlDrvDriverCBDeinit)
                  2000b9e8    00000120     rtsv7M4_T_le_eabi.lib : _printfi.c.obj (.text:fcvt)
                  2000bb08    00000118                           : memory.c.obj (.text:aligned_alloc)
                  2000bc20    00000104     simplelink.a : netapp.obj (.text:_SlDrvNetAppEventHandler)
                  2000bd24    000000fc     rtsv7M4_T_le_eabi.lib : fd_mul_t2.asm.obj (.text)
                  2000be20    000000fa                           : fs_add_t2.asm.obj (.text)
                  2000bf1a    00000002     --HOLE-- [fill = 0]
                  2000bf1c    000000f0     simplelink.a : device.obj (.text:sl_Stop)
                  2000c00c    000000f0                  : cc_pal.obj (.text:spi_Read)
                  2000c0fc    000000f0     driverlib.a : udma.obj (.text:uDMAChannelTransferSet)
                  2000c1ec    000000ec     simplelink.a : device.obj (.text:sl_Start)
                  2000c2d8    000000e8                  : driver.obj (.text:_SlAsyncEventGenericHandler)
                  2000c3c0    000000e8                  : driver.obj (.text:_SlDrvMsgReadSpawnCtx)
                  2000c4a8    000000e8     rtsv7M4_T_le_eabi.lib : memory.c.obj (.text:realloc)
                  2000c590    000000e4                           : memory.c.obj (.text:free)
                  2000c674    000000e4     simplelink.a : netapp.obj (.text:sl_NetAppMDNSRegisterUnregisterService)
                  2000c758    000000dc                  : driver.obj (.text:_SlDrvClassifyRxMsg)
                  2000c834    000000d0     rtsv7M4_T_le_eabi.lib : s_scalbn.c.obj (.text:scalbn)
                  2000c904    000000cc     simplelink.a : netapp.obj (.text:_sl_HandleAsync_DnsGetHostByService)
                  2000c9d0    000000cc                  : device.obj (.text:sl_DevGet)
                  2000ca9c    000000c8     pinmux.obj (.text)
                  2000cb64    000000c4     simplelink.a : driver.obj (.text:_SlRemoveFromList)
                  2000cc28    000000c0                  : driver.obj (.text:_SlDrvCmdOp)
                  2000cce8    000000b1     rtsv7M4_T_le_eabi.lib : _printfi.c.obj (.text:_ltostr)
                  2000cd99    00000003     --HOLE-- [fill = 0]
                  2000cd9c    000000b0     simplelink.a : nonos.obj (.text:_SlNonOsSemGet)
                  2000ce4c    000000a8     driverlib.a : interrupt.obj (.text:IntDisable)
                  2000cef4    000000a8                 : interrupt.obj (.text:IntEnable)
                  2000cf9c    000000a4     simplelink.a : driver.obj (.text:_SlDriverHandleError)
                  2000d040    000000a0     driverlib.a : spi.obj (.text:SPIConfigSetExpClk)
                  2000d0e0    000000a0     simplelink.a : socket.obj (.text:sl_Recv)
                  2000d180    0000009c     rtsv7M4_T_le_eabi.lib : memcpy_t2.asm.obj (.text)
                  2000d21c    0000009a     simplelink.a : device.obj (.text:_SlDrvDeviceEventHandler)
                  2000d2b6    00000002     --HOLE-- [fill = 0]
                  2000d2b8    00000098                  : device.obj (.text:sl_DevSet)
                  2000d350    00000098                  : netcfg.obj (.text:sl_NetCfgSet)
                  2000d3e8    00000098                  : socket.obj (.text:sl_SetSockOpt)
                  2000d480    00000098                  : wlan.obj (.text:sl_WlanSet)
                  2000d518    00000098                  : cc_pal.obj (.text:spi_Write)
                  2000d5b0    00000096     rtsv7M4_T_le_eabi.lib : ull_div_t2.asm.obj (.text)
                  2000d646    00000002     --HOLE-- [fill = 0]
                  2000d648    00000094     driverlib.a : prcm.obj (.text:PRCMPeripheralClockGet)
                  2000d6dc    00000092     rtsv7M4_T_le_eabi.lib : fs_div_t2.asm.obj (.text)
                  2000d76e    00000002     --HOLE-- [fill = 0]
                  2000d770    00000090     simplelink.a : netapp.obj (.text:_sl_HandleAsync_DnsGetHostByName)
                  2000d800    00000090                  : netapp.obj (.text:_sl_HandleAsync_PingResponse)
                  2000d890    00000090                  : wlan.obj (.text:sl_WlanPolicySet)
                  2000d920    0000008c                  : cc_pal.obj (.text:SetupDMAReceive)
                  2000d9ac    0000008c                  : cc_pal.obj (.text:SetupDMASend)
                  2000da38    0000008c                  : driver.obj (.text:_SlDrvIsTimeoutExpired)
                  2000dac4    0000008c                  : device.obj (.text:_sl_HandleAsync_InitComplete)
                  2000db50    0000008c                  : socket.obj (.text:sl_Socket)
                  2000dbdc    00000088     driverlib.a : pin.obj (.text:PinConfigSet)
                  2000dc64    00000086     rtsv7M4_T_le_eabi.lib : fd_cmp_t2.asm.obj (.text:__aeabi_cdcmple)
                  2000dcea    00000086                           : fd_cmp_t2.asm.obj (.text:__aeabi_cdrcmple)
                  2000dd70    00000084     driverlib.a : i2c.obj (.text:I2CMasterInitExpClk)
                  2000ddf4    00000084     simplelink.a : wlan.obj (.text:sl_WlanRxFilterSet)
                  2000de78    00000082     driverlib.a : gpio.obj (.text:GPIOIntTypeSet)
                  2000defa    00000002     --HOLE-- [fill = 0]
                  2000defc    00000080     simplelink.a : socket.obj (.text:_sl_HandleAsync_Connect)
                  2000df7c    00000080                  : cc_pal.obj (.text:spi_Read_CPU)
                  2000dffc    00000080                  : cc_pal.obj (.text:spi_Write_CPU)
                  2000e07c    0000007a     rtsv7M4_T_le_eabi.lib : fs_mul_t2.asm.obj (.text)
                  2000e0f6    0000007a                           : memset_t2.asm.obj (.text)
                  2000e170    00000078     simplelink.a : cc_pal.obj (.text:spi_Close)
                  2000e1e8    00000076     driverlib.a : uart.obj (.text:UARTConfigSetExpClk)
                  2000e25e    00000002     --HOLE-- [fill = 0]
                  2000e260    00000074     simplelink.a : nonos.obj (.text:_SlNonOsMainLoopTask)
                  2000e2d4    00000070     rtsv7M4_T_le_eabi.lib : memory.c.obj (.text:split)
                  2000e344    0000006e                           : _printfi.c.obj (.text:_mcpy)
                  2000e3b2    0000006e                           : fd_tos_t2.asm.obj (.text)
                  2000e420    0000006c     simplelink.a : driver.obj (.text:_SlDrvCmdSend)
                  2000e48c    0000006c                  : netapp.obj (.text:_sl_NetAppSendTokenValue)
                  2000e4f8    00000068     rtsv7M4_T_le_eabi.lib : copy_decompress_lzss.c.obj (.text:decompress:lzss:__TI_decompress_lzss)
                  2000e560    00000064     simplelink.a : nonos.obj (.text:_SlNonOsSpawn)
                  2000e5c4    00000064                  : socket.obj (.text:_sl_HandleAsync_Accept)
                  2000e628    00000064                  : netapp.obj (.text:sl_NetAppMDNSUnRegisterService)
                  2000e68c    00000064     driverlib.a : udma.obj (.text:uDMAChannelAttributeDisable)
                  2000e6f0    00000064                 : udma.obj (.text:uDMAChannelAttributeEnable)
                  2000e754    00000060     rtsv7M4_T_le_eabi.lib : fs_cmp_t2.asm.obj (.text:__aeabi_cfrcmple)
                  2000e7b4    00000060     simplelink.a : socket.obj (.text:sl_Close)
                  2000e814    00000060                  : wlan.obj (.text:sl_WlanProfileDel)
                  2000e874    00000060                  : wlan.obj (.text:sl_WlanSetMode)
                  2000e8d4    0000005c     rtsv7M4_T_le_eabi.lib : s_frexp.c.obj (.text:frexp)
                  2000e930    00000058     driverlib.a : interrupt.obj (.text:IntPendClear)
                  2000e988    00000058                 : prcm.obj (.text:PRCMPeripheralReset)
                  2000e9e0    00000056     rtsv7M4_T_le_eabi.lib : _printfi.c.obj (.text:_pconv_f)
                  2000ea36    00000002     --HOLE-- [fill = 0]
                  2000ea38    00000054     driverlib.a : interrupt.obj (.text:IntPrioritySet)
                  2000ea8c    00000054     simplelink.a : driver.obj (.text:_SlDrvRxIrqHandler)
                  2000eae0    00000054                  : socket.obj (.text:_sl_HandleAsync_Select)
                  2000eb34    00000054     rtsv7M4_T_le_eabi.lib : ltoa.c.obj (.text:ltoa)
                  2000eb88    00000052                           : _printfi.c.obj (.text:_ecpy)
                  2000ebda    00000002     --HOLE-- [fill = 0]
                  2000ebdc    00000050     simplelink.a : device.obj (.text:_sl_HandleAsync_Stop)
                  2000ec2c    0000004c     driverlib.a : spi.obj (.text:SPIIntEnable)
                  2000ec78    0000004c                 : spi.obj (.text:SPIIntNumberGet)
                  2000ecc4    0000004c     simplelink.a : driver.obj (.text:_SlDrvProtectAsyncRespSetting)
                  2000ed10    0000004c                  : socket.obj (.text:_sl_BuildAddress)
                  2000ed5c    0000004c     rtsv7M4_T_le_eabi.lib : atoi.c.obj (.text:atoi)
                  2000eda8    0000004c     driverlib.a : udma.obj (.text:uDMAChannelAssign)
                  2000edf4    00000048                 : gpio.obj (.text:GPIOGetIntNumber)
                  2000ee3c    00000048                 : spi.obj (.text:SPIIntClear)
                  2000ee84    00000048     simplelink.a : driver.obj (.text:_SlDrvBasicCmd)
                  2000eecc    00000048     rtsv7M4_T_le_eabi.lib : fd_toi_t2.asm.obj (.text)
                  2000ef14    00000044     driverlib.a : spi.obj (.text:SPIDmaMaskGet)
                  2000ef58    00000044                 : timer.obj (.text:TimerConfigure)
                  2000ef9c    00000044     simplelink.a : driver.obj (.text:_SlDrvSyncObjWaitTimeout)
                  2000efe0    00000044     rtsv7M4_T_le_eabi.lib : autoinit.c.obj (.text:__TI_auto_init_nobinit_nopinit:__TI_auto_init_nobinit_nopinit)
                  2000f024    00000044     simplelink.a : cc_pal.obj (.text:cc_SetupTransfer)
                  2000f068    00000042                  : socket.obj (.text:sl_Htonl)
                  2000f0aa    00000002     --HOLE-- [fill = 0]
                  2000f0ac    00000040     driverlib.a : pin.obj (.text:PinModeSet)
                  2000f0ec    00000040     simplelink.a : socket.obj (.text:_sl_TruncatePayloadByProtocol)
                  2000f12c    00000040     rtsv7M4_T_le_eabi.lib : sprintf.c.obj (.text:sprintf)
                  2000f16c    00000040                           : vsnprintf.c.obj (.text:vsnprintf)
                  2000f1ac    0000003e     simplelink.a : cc_pal.obj (.text:NwpRegisterInterruptHandler)
                  2000f1ea    0000003e     rtsv7M4_T_le_eabi.lib : _printfi.c.obj (.text:_fcpy)
                  2000f228    0000003c     simplelink.a : netapp.obj (.text:CopyPingResultsToReport)
                  2000f264    0000003c     driverlib.a : prcm.obj (.text:PRCMPeripheralClkEnable)
                  2000f2a0    0000003c     simplelink.a : cc_pal.obj (.text:simplelink_timerA2_start)
                  2000f2dc    0000003c                  : socket.obj (.text:sl_Htons)
                  2000f318    0000003c     driverlib.a : udma.obj (.text:uDMAChannelControlSet)
                  2000f354    00000038     simplelink.a : cc_pal.obj (.text:NwpPowerOff)
                  2000f38c    00000038     rtsv7M4_T_le_eabi.lib : fs_tod_t2.asm.obj (.text)
                  2000f3c4    00000038     simplelink.a : wlan.obj (.text:sl_WlanDisconnect)
                  2000f3fc    00000036     driverlib.a : gpio.obj (.text:GPIODirModeSet)
                  2000f432    00000002     --HOLE-- [fill = 0]
                  2000f434    00000034                 : prcm.obj (.text:PRCMPeripheralStatusGet)
                  2000f468    00000034                 : spi.obj (.text:SPIFIFOLevelSet)
                  2000f49c    00000030                 : pin.obj (.text:PinTypeGPIO)
                  2000f4cc    00000030                 : uart.obj (.text:UARTDisable)
                  2000f4fc    00000030     rtsv7M4_T_le_eabi.lib : vsnprintf.c.obj (.text:_outs)
                  2000f52c    0000002e                           : i_tofd_t2.asm.obj (.text)
                  2000f55a    0000002c     driverlib.a : i2c.obj (.text:I2CMasterErr)
                  2000f586    00000002     --HOLE-- [fill = 0]
                  2000f588    0000002c     simplelink.a : cc_pal.obj (.text:NwpPowerOn)
                  2000f5b4    0000002c     driverlib.a : prcm.obj (.text:PRCMSysResetCauseGet)
                  2000f5e0    0000002c     simplelink.a : driver.obj (.text:_SlDrvObjGlobalLockWaitForever)
                  2000f60c    0000002c                  : driver.obj (.text:_SlDrvProtectionObjLockWaitForever)
                  2000f638    0000002a     driverlib.a : timer.obj (.text:TimerLoadSet)
                  2000f662    0000002a                 : timer.obj (.text:TimerPrescaleSet)
                  2000f68c    00000028                 : prcm.obj (.text:PRCMPeripheralClkDisable)
                  2000f6b4    00000028     simplelink.a : driver.obj (.text:_SlDrvGlobalObjUnLock)
                  2000f6dc    00000028                  : driver.obj (.text:_SlDrvProtectionObjUnLock)
                  2000f704    00000028                  : driver.obj (.text:_SlDrvSyncObjWaitForever)
                  2000f72c    00000028     rtsv7M4_T_le_eabi.lib : memory.c.obj (.text:free_list_insert)
                  2000f754    00000026     simplelink.a : driver.obj (.text:_SlDrvObjLockWaitForever)
                  2000f77a    00000002     --HOLE-- [fill = 0]
                  2000f77c    00000024                  : cc_pal.obj (.text:DmaSpiSwIntHandler)
                  2000f7a0    00000024     driverlib.a : interrupt.obj (.text:IntUnregister)
                  2000f7c4    00000024                 : uart.obj (.text:UARTEnable)
                  2000f7e8    00000024     rtsv7M4_T_le_eabi.lib : boot_cortex_m.c.obj (.text:_c_int00_noargs:_c_int00_noargs)
                  2000f80c    00000024                           : memmov.c.obj (.text:memmove)
                  2000f830    00000022     driverlib.a : i2c.obj (.text:I2CMasterSlaveAddrSet)
                  2000f852    00000022                 : spi.obj (.text:SPIReset)
                  2000f874    00000022                 : spi.obj (.text:SPIWordCountSet)
                  2000f896    00000020                 : gpio.obj (.text:GPIOPinWrite)
                  2000f8b6    00000002     --HOLE-- [fill = 0]
                  2000f8b8    00000020                 : interrupt.obj (.text:IntRegister)
                  2000f8d8    00000020     simplelink.a : cc_pal.obj (.text:NwpPrePowerOffTimout0)
                  2000f8f8    00000020     driverlib.a : spi.obj (.text:SPIDataGet)
                  2000f918    00000020     simplelink.a : cc_pal.obj (.text:TimerGetCurrentTimestamp)
                  2000f938    00000020                  : driver.obj (.text:_SlDrvObjUnLock)
                  2000f958    00000020                  : driver.obj (.text:_SlDrvSyncObjSignal)
                  2000f978    0000001e     driverlib.a : gpio.obj (.text:GPIOIntRegister)
                  2000f996    0000001e                 : i2c.obj (.text:I2CMasterIntStatusEx)
                  2000f9b4    0000001e                 : spi.obj (.text:SPIDataPut)
                  2000f9d2    0000001e                 : timer.obj (.text:TimerEnable)
                  2000f9f0    0000001e                 : uart.obj (.text:UARTCharPut)
                  2000fa0e    0000001e     simplelink.a : cc_pal.obj (.text:cc_UDMAChannelSelect)
                  2000fa2c    0000001c     driverlib.a : pin.obj (.text:PinTypeI2C)
                  2000fa48    0000001c                 : timer.obj (.text:TimerValueGet)
                  2000fa64    0000001c                 : uart.obj (.text:UARTCharGetNonBlocking)
                  2000fa80    0000001c     simplelink.a : driver.obj (.text:_SlDrvStartMeasureTimeout)
                  2000fa9c    0000001c     rtsv7M4_T_le_eabi.lib : copy_zero_init.c.obj (.text:decompress:ZI:__TI_zero_init_nomemset:__TI_zero_init_nomemset)
                  2000fab8    0000001c                           : memory.c.obj (.text:free_list_remove)
                  2000fad4    0000001c                           : memccpy.c.obj (.text:memccpy)
                  2000faf0    0000001c     driverlib.a : udma.obj (.text:uDMAChannelEnable)
                  2000fb0c    0000001a                 : gpio.obj (.text:GPIOIntEnable)
                  2000fb26    0000001a                 : pin.obj (.text:PinTypeSPI)
                  2000fb40    0000001a                 : pin.obj (.text:PinTypeUART)
                  2000fb5a    0000001a                 : spi.obj (.text:SPIDmaDisable)
                  2000fb74    0000001a                 : spi.obj (.text:SPIDmaEnable)
                  2000fb8e    0000001a                 : spi.obj (.text:SPIFIFODisable)
                  2000fba8    0000001a                 : spi.obj (.text:SPIFIFOEnable)
                  2000fbc2    0000001a                 : spi.obj (.text:SPIIntUnregister)
                  2000fbdc    00000018                 : gpio.obj (.text:GPIOPinRead)
                  2000fbf4    00000018                 : spi.obj (.text:SPICSDisable)
                  2000fc0c    00000018                 : spi.obj (.text:SPICSEnable)
                  2000fc24    00000018                 : spi.obj (.text:SPIDisable)
                  2000fc3c    00000018                 : spi.obj (.text:SPIEnable)
                  2000fc54    00000018                 : uart.obj (.text:UARTCharsAvail)
                  2000fc6c    00000018     simplelink.a : nonos.obj (.text:_SlNonOsSemSet)
                  2000fc84    00000018     rtsv7M4_T_le_eabi.lib : vsnprintf.c.obj (.text:_outc)
                  2000fc9c    00000018                           : sprintf.c.obj (.text:_outs)
                  2000fcb4    00000018     simplelink.a : device.obj (.text:_sl_GetStartResponseConvert)
                  2000fccc    00000016     driverlib.a : i2c.obj (.text:I2CMasterDataPut)
                  2000fce2    00000016                 : i2c.obj (.text:I2CMasterEnable)
                  2000fcf8    00000016                 : prcm.obj (.text:PRCMHIBRegRead)
                  2000fd0e    00000016                 : prcm.obj (.text:PRCMHIBRegWrite)
                  2000fd24    00000016     simplelink.a : driver.obj (.text:_SlDrvMemZero)
                  2000fd3a    00000016     rtsv7M4_T_le_eabi.lib : strchr.c.obj (.text:strchr)
                  2000fd50    00000014     driverlib.a : cpu.obj (.text:CPUcpsie)
                  2000fd64    00000014                 : gpio.obj (.text:GPIOIntClear)
                  2000fd78    00000014                 : interrupt.obj (.text:IntVTableBaseSet)
                  2000fd8c    00000014     rtsv7M4_T_le_eabi.lib : strcpy.c.obj (.text:strcpy)
                  2000fda0    00000014                           : strlen.c.obj (.text:strlen)
                  2000fdb4    00000012     driverlib.a : i2c.obj (.text:I2CMasterControl)
                  2000fdc6    00000012                 : i2c.obj (.text:I2CMasterIntClearEx)
                  2000fdd8    00000012                 : i2c.obj (.text:I2CMasterTimeoutSet)
                  2000fdea    00000012     rtsv7M4_T_le_eabi.lib : wcslen.c.obj (.text:wcslen)
                  2000fdfc    00000010     simplelink.a : driver.obj (.text:_SlDrvDispatchHttpServerEvents)
                  2000fe0c    0000000e     driverlib.a : i2c.obj (.text:I2CMasterDataGet)
                  2000fe1a    0000000e     simplelink.a : driver.obj (.text:_SlDrvResetCmdExt)
                  2000fe28    0000000e     rtsv7M4_T_le_eabi.lib : copy_decompress_none.c.obj (.text:decompress:none:__TI_decompress_none)
                  2000fe36    0000000e     startup_ccs.obj (.text)
                  2000fe44    0000000c     simplelink.a : cc_pal.obj (.text:NwpMaskInterrupt)
                  2000fe50    0000000c                  : cc_pal.obj (.text:NwpUnMaskInterrupt)
                  2000fe5c    0000000c     rtsv7M4_T_le_eabi.lib : s_copysign.c.obj (.text:copysign)
                  2000fe68    0000000a     driverlib.a : interrupt.obj (.text:IntMasterEnable)
                  2000fe72    0000000a     rtsv7M4_T_le_eabi.lib : sprintf.c.obj (.text:_outc)
                  2000fe7c    00000008                           : errno.c.obj (.text:__aeabi_errno_addr)
                  2000fe84    00000008                           : memory.c.obj (.text:malloc)
                  2000fe8c    00000006     driverlib.a : utils.obj (.text:UtilsDelay)
                  2000fe92    00000004     rtsv7M4_T_le_eabi.lib : pre_init.c.obj (.text:_system_pre_init)
                  2000fe96    00000004                           : exit.c.obj (.text:abort:abort)

.const     0    2000fea0    00000b6a     
                  2000fea0    000004fb     Adafruit_GFX.obj (.const:.string:font)
                  2001039b    00000101     rtsv7M4_T_le_eabi.lib : ctype.c.obj (.const:.string:_ctypes_)
                  2001049c    00000100     driverlib.a : pin.obj (.const:g_ulPinToPadMap)
                  2001059c    000000d4                 : interrupt.obj (.const:g_pulRegs)
                  20010670    000000a8                 : prcm.obj (.const:PRCM_PeriphRegsList)
                  20010718    00000080                 : interrupt.obj (.const)
                  20010798    0000003c     simplelink.a : driver.obj (.const:OpcodeTranslateTable)
                  200107d4    00000038                  : driver.obj (.const:_SlActionLookupTable)
                  2001080c    00000004                  : wlan.obj (.const:$P$T0$1)
                  20010810    00000030     rtsv7M4_T_le_eabi.lib : e_pow.c.obj (.const:$O1$$)
                  20010840    00000030     main.obj (.const:.string)
                  20010870    0000002c     main.obj (.const:$P$T1$2)
                  2001089c    00000024     driverlib.a : spi.obj (.const:g_ppulSPIIntMap)
                  200108c0    00000022     main.obj (.const:.string:$P$T0$1)
                  200108e2    00000002     --HOLE-- [fill = 0]
                  200108e4    00000020     simplelink.a : driver.obj (.const:RxMsgClassLUT)
                  20010904    00000018     driverlib.a : spi.obj (.const)
                  2001091c    00000015     main.obj (.const:.string:$P$T6$7)
                  20010931    00000003     --HOLE-- [fill = 0]
                  20010934    00000014     simplelink.a : driver.obj (.const:$P$T0$1)
                  20010948    00000014                  : nonos.obj (.const:$P$T0$1)
                  2001095c    00000014     main.obj (.const:$P$T2$3)
                  20010970    00000010     simplelink.a : socket.obj (.const:.string:_SlPayloadByProtocolLUT)
                  20010980    0000000c     main.obj (.const:$P$T4$5)
                  2001098c    0000000c     main.obj (.const:.string:$P$T3$4)
                  20010998    00000009     main.obj (.const:.string:$P$T5$6)
                  200109a1    00000008     simplelink.a : device.obj (.const:StartResponseLUT)
                  200109a9    00000003     --HOLE-- [fill = 0]
                  200109ac    00000008                  : driver.obj (.const:g_H2NCnysPattern)
                  200109b4    00000008                  : driver.obj (.const:g_H2NSyncPattern)
                  200109bc    00000005     main.obj (.const:.string:$P$T7$8)
                  200109c1    00000001     --HOLE-- [fill = 0]
                  200109c2    00000004     simplelink.a : socket.obj (.const:$P$T2$3)
                  200109c6    00000004                  : device.obj (.const:_SlDeviceGetCmdCtrl)
                  200109ca    00000004                  : device.obj (.const:_SlDeviceSetCmdCtrl)
                  200109ce    00000004                  : netapp.obj (.const:_SlGetHostByNameCtrl)
                  200109d2    00000004                  : netapp.obj (.const:_SlNetAppSendTokenValueCmdCtrl)
                  200109d6    00000004                  : netcfg.obj (.const:_SlNetCfgSetCmdCtrl)
                  200109da    00000004                  : wlan.obj (.const:_SlPolicySetCmdCtrl)
                  200109de    00000004                  : wlan.obj (.const:_SlProfileDelCmdCtrl)
                  200109e2    00000004                  : socket.obj (.const:_SlRecvCmdCtrl)
                  200109e6    00000004                  : netapp.obj (.const:_SlRegisterServiceCtrl)
                  200109ea    00000004                  : wlan.obj (.const:_SlRxFilterSetCmdCtrl)
                  200109ee    00000004                  : socket.obj (.const:_SlSendCmdCtrl)
                  200109f2    00000004                  : socket.obj (.const:_SlSetSockOptCmdCtrl)
                  200109f6    00000004                  : socket.obj (.const:_SlSockCloseCmdCtrl)
                  200109fa    00000004                  : socket.obj (.const:_SlSockSocketCmdCtrl)
                  200109fe    00000004                  : device.obj (.const:_SlStopCmdCtrl)
                  20010a02    00000004                  : wlan.obj (.const:_SlWlanCfgSetCmdCtrl)
                  20010a06    00000004                  : wlan.obj (.const:_SlWlanSetModeCmdCtrl)

.cinit     0    20010a10    00000060     
                  20010a10    0000003c     (.cinit..data.load) [load image, compression = lzss]
                  20010a4c    0000000c     (__TI_handler_table)
                  20010a58    00000008     (.cinit..bss.load) [load image, compression = zero_init]
                  20010a60    00000010     (__TI_cinit_table)

.sysmem    0    20017000    00008000     UNINITIALIZED
                  20017000    00000010     rtsv7M4_T_le_eabi.lib : memory.c.obj (.sysmem)
                  20017010    00007ff0     --HOLE--

.bss       0    2001f000    0000021a     UNINITIALIZED
                  2001f000    00000168     simplelink.a : driver.obj (.bss:g_StatMem)
                  2001f168    00000050     (.common:g_ucDinDout)
                  2001f1b8    0000002c     (.common:g_time)
                  2001f1e4    00000024     (.common:g_ucConnectionSSID)
                  2001f208    00000008     (.common:g_ucConnectionBSSID)
                  2001f210    00000004     uart_if.obj (.bss)
                  2001f214    00000001     (.common:RxIrqCnt)
                  2001f215    00000001     (.common:g_bDeviceRestartIsRequired)
                  2001f216    00000001     (.common:g_cDummy)
                  2001f217    00000001     (.common:g_ucLED1Pin)
                  2001f218    00000001     (.common:g_ucLED2Pin)
                  2001f219    00000001     (.common:g_ucLED3Pin)

.data      0    2001f21c    000000b4     UNINITIALIZED
                  2001f21c    0000003c     simplelink.a : nonos.obj (.data:g__SlNonOsCB)
                  2001f258    00000015     Adafruit_GFX.obj (.data)
                  2001f26d    00000003     --HOLE--
                  2001f270    00000014     gpio_if.obj (.data:ulReg)
                  2001f284    00000010     main.obj (.data)
                  2001f294    0000000d     simplelink.a : driver.obj (.data)
                  2001f2a1    00000003     --HOLE--
                  2001f2a4    0000000c     gpio_if.obj (.data)
                  2001f2b0    00000009     simplelink.a : cc_pal.obj (.data)
                  2001f2b9    00000003     --HOLE--
                  2001f2bc    00000008     rtsv7M4_T_le_eabi.lib : _lock.c.obj (.data:$O1$$)
                  2001f2c4    00000008                           : memory.c.obj (.data:$O1$$)
                  2001f2cc    00000004                           : errno.c.obj (.data)

.stack     0    2002f000    00001000     UNINITIALIZED
                  2002f000    00000004     rtsv7M4_T_le_eabi.lib : boot_cortex_m.c.obj (.stack)
                  2002f004    00000ffc     --HOLE--

MODULE SUMMARY

       Module                       code    ro data   rw data
       ------                       ----    -------   -------
    .\
       main.obj                     5232    205       104    
       Adafruit_GFX.obj             2688    1275      21     
       test.obj                     2276    0         0      
       Adafruit_OLED.obj            1178    0         0      
       tmp006drv.obj                1072    0         0      
       startup_ccs.obj              14      1024      0      
       gpio_if.obj                  920     0         35     
       i2c_if.obj                   644     0         0      
       uart_if.obj                  640     0         4      
       pinmux.obj                   200     0         0      
    +--+----------------------------+-------+---------+---------+
       Total:                       14864   2504      164    
                                                             
    C:/ti/CC3200SDK_1.3.0/cc3200-sdk/driverlib/ccs/Release/driverlib.a
       prcm.obj                     852     168       0      
       interrupt.obj                608     340       0      
       spi.obj                      860     60        0      
       udma.obj                     604     0         0      
       pin.obj                      328     256       0      
       gpio.obj                     388     0         0      
       i2c.obj                      352     0         0      
       uart.obj                     284     0         0      
       timer.obj                    210     0         0      
       cpu.obj                      20      0         0      
       utils.obj                    6       0         0      
    +--+----------------------------+-------+---------+---------+
       Total:                       4512    824       0      
                                                             
    C:/ti/CC3200SDK_1.3.0/cc3200-sdk/simplelink/ccs/NON_OS/simplelink.a
       driver.obj                   7714    184       375    
       cc_pal.obj                   1820    0         90     
       socket.obj                   1830    40        0      
       netapp.obj                   1572    12        0      
       wlan.obj                     1312    24        0      
       device.obj                   1230    20        0      
       nonos.obj                    416     20        60     
       netcfg.obj                   152     4         0      
    +--+----------------------------+-------+---------+---------+
       Total:                       16046   304       525    
                                                             
    D:\ti\ccs930\ccs\tools\compiler\ti-cgt-arm_18.12.4.LTS\lib\rtsv7M4_T_le_eabi.lib
       _printfi.c.obj               4835    0         0      
       e_pow.c.obj                  2492    48        0      
       memory.c.obj                 928     0         8      
       fd_add_t2.asm.obj            438     0         0      
       e_sqrt.c.obj                 348     0         0      
       fd_div_t2.asm.obj            310     0         0      
       fd_cmp_t2.asm.obj            268     0         0      
       ctype.c.obj                  0       257       0      
       fd_mul_t2.asm.obj            252     0         0      
       fs_add_t2.asm.obj            250     0         0      
       s_scalbn.c.obj               208     0         0      
       memcpy_t2.asm.obj            156     0         0      
       ull_div_t2.asm.obj           150     0         0      
       fs_div_t2.asm.obj            146     0         0      
       vsnprintf.c.obj              136     0         0      
       fs_mul_t2.asm.obj            122     0         0      
       memset_t2.asm.obj            122     0         0      
       fd_tos_t2.asm.obj            110     0         0      
       copy_decompress_lzss.c.obj   104     0         0      
       sprintf.c.obj                98      0         0      
       fs_cmp_t2.asm.obj            96      0         0      
       s_frexp.c.obj                92      0         0      
       ltoa.c.obj                   84      0         0      
       atoi.c.obj                   76      0         0      
       fd_toi_t2.asm.obj            72      0         0      
       autoinit.c.obj               68      0         0      
       fs_tod_t2.asm.obj            56      0         0      
       i_tofd_t2.asm.obj            46      0         0      
       boot_cortex_m.c.obj          36      0         0      
       memmov.c.obj                 36      0         0      
       copy_zero_init.c.obj         28      0         0      
       memccpy.c.obj                28      0         0      
       strchr.c.obj                 22      0         0      
       strcpy.c.obj                 20      0         0      
       strlen.c.obj                 20      0         0      
       wcslen.c.obj                 18      0         0      
       copy_decompress_none.c.obj   14      0         0      
       errno.c.obj                  8       0         4      
       s_copysign.c.obj             12      0         0      
       _lock.c.obj                  2       0         8      
       exit.c.obj                   4       0         0      
       pre_init.c.obj               4       0         0      
       div0.asm.obj                 2       0         0      
    +--+----------------------------+-------+---------+---------+
       Total:                       12317   305       20     
                                                             
       Heap:                        0       0         32768  
       Stack:                       0       0         4096   
       Linker Generated:            0       96        0      
    +--+----------------------------+-------+---------+---------+
       Grand Total:                 47739   4033      37573  


LINKER GENERATED COPY TABLES

__TI_cinit_table @ 20010a60 records: 2, size/record: 8, table size: 16
	.data: load addr=20010a10, load size=0000003c bytes, run addr=2001f21c, run size=000000b4 bytes, compression=lzss
	.bss: load addr=20010a58, load size=00000008 bytes, run addr=2001f000, run size=0000021a bytes, compression=zero_init


LINKER GENERATED HANDLER TABLE

__TI_handler_table @ 20010a4c records: 3, size/record: 4, table size: 12
	index: 0, handler: __TI_decompress_lzss
	index: 1, handler: __TI_decompress_none
	index: 2, handler: __TI_zero_init


GLOBAL SYMBOLS: SORTED ALPHABETICALLY BY Name 

address   name                                  
-------   ----                                  
200085f5  Adafruit_Init                         
2000fe97  C$$EXIT                               
2000fd51  CPUcpsie                              
20009499  ClearTerm                             
2000876b  Color565                              
20004401  DisplayBanner                         
2000f77d  DmaSpiSwIntHandler                    
200094a3  Error                                 
2000f3fd  GPIODirModeSet                        
2000fd65  GPIOIntClear                          
2000fb0d  GPIOIntEnable                         
2000f979  GPIOIntRegister                       
2000de79  GPIOIntTypeSet                        
2000fbdd  GPIOPinRead                           
2000f897  GPIOPinWrite                          
200090fd  GPIO_IF_ConfigureNIntEnable           
20009189  GPIO_IF_Get                           
200090b7  GPIO_IF_GetPortNPin                   
20008e79  GPIO_IF_LedConfigure                  
20008f6b  GPIO_IF_LedOff                        
20008eb7  GPIO_IF_LedOn                         
2000901f  GPIO_IF_LedStatus                     
20009089  GPIO_IF_LedToggle                     
20009145  GPIO_IF_Set                           
200094db  GetCmd                                
2000fdb5  I2CMasterControl                      
2000fe0d  I2CMasterDataGet                      
2000fccd  I2CMasterDataPut                      
2000fce3  I2CMasterEnable                       
2000f55b  I2CMasterErr                          
2000dd71  I2CMasterInitExpClk                   
2000fdc7  I2CMasterIntClearEx                   
2000f997  I2CMasterIntStatusEx                  
2000f831  I2CMasterSlaveAddrSet                 
2000fdd9  I2CMasterTimeoutSet                   
20009443  I2C_IF_Close                          
200093fb  I2C_IF_Open                           
200092f9  I2C_IF_Read                           
200093b5  I2C_IF_ReadFrom                       
20009249  I2C_IF_Write                          
20009459  InitTerm                              
2000ce4d  IntDisable                            
2000cef5  IntEnable                             
2000fe69  IntMasterEnable                       
2000e931  IntPendClear                          
2000ea39  IntPrioritySet                        
2000f8b9  IntRegister                           
2000f7a1  IntUnregister                         
2000fd79  IntVTableBaseSet                      
20009477  Message                               
2000fe45  NwpMaskInterrupt                      
2000f355  NwpPowerOff                           
2000f589  NwpPowerOn                            
2000f8d9  NwpPrePowerOffTimout0                 
2000f1ad  NwpRegisterInterruptHandler           
2000fe51  NwpUnMaskInterrupt                    
20010798  OpcodeTranslateTable                  
2000621b  Outstr                                
2000abad  PRCMCC3200MCUInit                     
2000fcf9  PRCMHIBRegRead                        
2000fd0f  PRCMHIBRegWrite                       
2000f68d  PRCMPeripheralClkDisable              
2000f265  PRCMPeripheralClkEnable               
2000d649  PRCMPeripheralClockGet                
2000e989  PRCMPeripheralReset                   
2000f435  PRCMPeripheralStatusGet               
2000f5b5  PRCMSysResetCauseGet                  
2000dbdd  PinConfigSet                          
2000f0ad  PinModeSet                            
2000ca9d  PinMuxConfig                          
2000f49d  PinTypeGPIO                           
2000fa2d  PinTypeI2C                            
2000fb27  PinTypeSPI                            
2000fb41  PinTypeUART                           
20009619  Report                                
2000fe37  ResetISR                              
2001f214  RxIrqCnt                              
2000fbf5  SPICSDisable                          
2000fc0d  SPICSEnable                           
2000d041  SPIConfigSetExpClk                    
2000f8f9  SPIDataGet                            
2000f9b5  SPIDataPut                            
2000fc25  SPIDisable                            
2000fb5b  SPIDmaDisable                         
2000fb75  SPIDmaEnable                          
2000fc3d  SPIEnable                             
2000fb8f  SPIFIFODisable                        
2000fba9  SPIFIFOEnable                         
2000f469  SPIFIFOLevelSet                       
2000ee3d  SPIIntClear                           
2000ec2d  SPIIntEnable                          
2000fbc3  SPIIntUnregister                      
2000f853  SPIReset                              
2000f875  SPIWordCountSet                       
200045f9  SimpleLinkGeneralEventHandler         
200045ed  SimpleLinkHttpServerCallback          
20004551  SimpleLinkNetAppEventHandler          
20004619  SimpleLinkSockEventHandler            
20004427  SimpleLinkWlanEventHandler            
20008ce5  TMP006DrvGetTemp                      
20008a4d  TMP006DrvOpen                         
2000ef59  TimerConfigure                        
2000f9d3  TimerEnable                           
2000f919  TimerGetCurrentTimestamp              
2000f639  TimerLoadSet                          
2000f663  TimerPrescaleSet                      
2000fa49  TimerValueGet                         
20009581  TrimSpace                             
2000fa65  UARTCharGetNonBlocking                
2000f9f1  UARTCharPut                           
2000fc55  UARTCharsAvail                        
2000e1e9  UARTConfigSetExpClk                   
2000f4cd  UARTDisable                           
2000f7c5  UARTEnable                            
2000fe8d  UtilsDelay                            
200107d4  _SlActionLookupTable                  
2000cf9d  _SlDriverHandleError                  
2000ee85  _SlDrvBasicCmd                        
2000cc29  _SlDrvCmdOp                           
2000e421  _SlDrvCmdSend                         
20009e09  _SlDrvDataReadOp                      
2000aff1  _SlDrvDataWriteOp                     
2000d21d  _SlDrvDeviceEventHandler              
2000fdfd  _SlDrvDispatchHttpServerEvents        
2000b8b9  _SlDrvDriverCBDeinit                  
2000a541  _SlDrvDriverCBInit                    
2000f6b5  _SlDrvGlobalObjUnLock                 
2000da39  _SlDrvIsTimeoutExpired                
2000fd25  _SlDrvMemZero                         
2000c3c1  _SlDrvMsgReadSpawnCtx                 
2000bc21  _SlDrvNetAppEventHandler              
2000f755  _SlDrvObjLockWaitForever              
2000f939  _SlDrvObjUnLock                       
2000ecc5  _SlDrvProtectAsyncRespSetting         
2000f60d  _SlDrvProtectionObjLockWaitForever    
2000f6dd  _SlDrvProtectionObjUnLock             
20009fed  _SlDrvReleasePoolObj                  
2000fe1b  _SlDrvResetCmdExt                     
2000ea8d  _SlDrvRxIrqHandler                    
2000fa81  _SlDrvStartMeasureTimeout             
2000f959  _SlDrvSyncObjSignal                   
2000f705  _SlDrvSyncObjWaitForever              
2000ef9d  _SlDrvSyncObjWaitTimeout              
2000a891  _SlDrvWaitForPoolObj                  
200109d2  _SlNetAppSendTokenValueCmdCtrl        
2000e261  _SlNonOsMainLoopTask                  
2000cd9d  _SlNonOsSemGet                        
2000fc6d  _SlNonOsSemSet                        
2000e561  _SlNonOsSpawn                         
20030000  __STACK_END                           
00001000  __STACK_SIZE                          
00008000  __SYSMEM_SIZE                         
20010a60  __TI_CINIT_Base                       
20010a70  __TI_CINIT_Limit                      
20010a4c  __TI_Handler_Table_Base               
20010a58  __TI_Handler_Table_Limit              
2000efe1  __TI_auto_init_nobinit_nopinit        
2000e4f9  __TI_decompress_lzss                  
2000fe29  __TI_decompress_none                  
ffffffff  __TI_pprof_out_hndl                   
200062f1  __TI_printfi                          
ffffffff  __TI_prof_data_size                   
ffffffff  __TI_prof_data_start                  
20010a10  __TI_static_base__                    
2000fa9d  __TI_zero_init_nomemset               
2000dc65  __aeabi_cdcmpeq                       
2000dc65  __aeabi_cdcmple                       
2000dceb  __aeabi_cdrcmple                      
2000e755  __aeabi_cfrcmple                      
2000e3b3  __aeabi_d2f                           
2000eecd  __aeabi_d2iz                          
2000a393  __aeabi_dadd                          
2000b64d  __aeabi_ddiv                          
2000bd25  __aeabi_dmul                          
2000a389  __aeabi_dsub                          
2000fe7d  __aeabi_errno_addr                    
2000f38d  __aeabi_f2d                           
2000be25  __aeabi_fadd                          
2000d6dd  __aeabi_fdiv                          
2000e07d  __aeabi_fmul                          
2000be21  __aeabi_fsub                          
2000f52d  __aeabi_i2d                           
2000a53f  __aeabi_idiv0                         
2000a53f  __aeabi_ldiv0                         
2000e0f7  __aeabi_memclr                        
2000e0f7  __aeabi_memclr4                       
2000e0f7  __aeabi_memclr8                       
2000d181  __aeabi_memcpy                        
2000d181  __aeabi_memcpy4                       
2000d181  __aeabi_memcpy8                       
2000e0f9  __aeabi_memset                        
2000e0f9  __aeabi_memset4                       
2000e0f9  __aeabi_memset8                       
2000d5b1  __aeabi_uldivmod                      
ffffffff  __binit__                             
ffffffff  __c_args__                            
UNDEFED   __mpu_init                            
2002f000  __stack                               
2000f7e9  _c_int00_noargs                       
2001039b  _ctypes_                              
2001f2bc  _lock                                 
20008a0b  _nop                                  
2000e5c5  _sl_HandleAsync_Accept                
2000defd  _sl_HandleAsync_Connect               
2000d771  _sl_HandleAsync_DnsGetHostByName      
2000c905  _sl_HandleAsync_DnsGetHostByService   
2000dac5  _sl_HandleAsync_InitComplete          
2000d801  _sl_HandleAsync_PingResponse          
2000eae1  _sl_HandleAsync_Select                
2000ebdd  _sl_HandleAsync_Stop                  
2000e48d  _sl_NetAppSendTokenValue              
20017000  _sys_memory                           
UNDEFED   _system_post_cinit                    
2000fe93  _system_pre_init                      
2001f2c0  _unlock                               
2000fe97  abort                                 
2000bb09  aligned_alloc                         
2000ed5d  atoi                                  
ffffffff  binit                                 
2000fe5d  copysign                              
2000fe5d  copysignl                             
2001f258  cursor_x                              
2001f25c  cursor_y                              
200078cf  delay                                 
200060cf  drawChar                              
20005871  drawCircle                            
200059a5  drawCircleHelper                      
20008915  drawFastHLine                         
20008879  drawFastVLine                         
20005beb  drawLine                              
200089b1  drawPixel                             
20005cd7  drawRect                              
20005d25  drawRoundRect                         
20005e8d  drawTriangle                          
2001f2cc  errno                                 
20005ac3  fillCircle                            
20005afd  fillCircleHelper                      
200087c3  fillRect                              
20005e13  fillRoundRect                         
200087ad  fillScreen                            
20005ecf  fillTriangle                          
2000c591  free                                  
2000e8d5  frexp                                 
2000e8d5  frexpl                                
2001f290  g_Host                                
2001f294  g_SlDeviceStatus                      
2001f2b0  g_SpiFd                               
2001f21c  g__SlNonOsCB                          
2001f215  g_bDeviceRestartIsRequired            
2001f216  g_cDummy                              
2001f298  g_pCB                                 
2001f2b4  g_pHostIntHdl                         
20004000  g_pfnVectors                          
2001f1b8  g_time                                
2001f208  g_ucConnectionBSSID                   
2001f1e4  g_ucConnectionSSID                    
2001f2b8  g_ucDMAEnabled                        
2001f168  g_ucDinDout                           
2001f217  g_ucLED1Pin                           
2001f218  g_ucLED2Pin                           
2001f219  g_ucLED3Pin                           
2001f2a4  g_uiLED1Port                          
2001f2a8  g_uiLED2Port                          
2001f2ac  g_uiLED3Port                          
2001f28c  g_ulGatewayIP                         
2001f288  g_ulPingPacketsRecv                   
2001f284  g_ulStatus                            
20008727  goTo                                  
200062cf  height                                
200089ef  invert                                
20007e41  lcdTestPattern                        
20007f11  lcdTestPattern2                       
2000c835  ldexp                                 
2000c835  ldexpl                                
2000eb35  ltoa                                  
20005231  main                                  
2000fe85  malloc                                
2000bb09  memalign                              
2000fad5  memccpy                               
2000d181  memcpy                                
2000f80d  memmove                               
2000e0ff  memset                                
2001f29c  pPingCallBackFunc                     
20006d41  pow                                   
20006d41  powl                                  
20004dd9  printErrConvenience                   
200076fd  printFullCharacterSet                 
2000775b  printIntroduction                     
2000782b  printWarning                          
2000c4a9  realloc                               
2000c835  scalbn                                
2000c835  scalbnl                               
20006267  setCursor                             
2000629f  setTextColor                          
2000627f  setTextSize                           
200062b7  setTextWrap                           
2000f2a1  simplelink_timerA2_start              
2000e7b5  sl_Close                              
2000aa21  sl_Connect                            
2000c9d1  sl_DevGet                             
2000d2b9  sl_DevSet                             
2000f069  sl_Htonl                              
2000f2dd  sl_Htons                              
2000b3cd  sl_NetAppDnsGetHostByName             
2000c675  sl_NetAppMDNSRegisterUnregisterService
2000e629  sl_NetAppMDNSUnRegisterService        
2000d351  sl_NetCfgSet                          
2000d0e1  sl_Recv                               
2000b785  sl_Send                               
2000d3e9  sl_SetSockOpt                         
2000db51  sl_Socket                             
2000c1ed  sl_Start                              
2000bf1d  sl_Stop                               
200096d9  sl_WlanConnect                        
2000f3c5  sl_WlanDisconnect                     
2000d891  sl_WlanPolicySet                      
2000e815  sl_WlanProfileDel                     
2000ddf5  sl_WlanRxFilterSet                    
2000d481  sl_WlanSet                            
2000e875  sl_WlanSetMode                        
2000e171  spi_Close                             
2000b141  spi_Open                              
2000c00d  spi_Read                              
2000d519  spi_Write                             
2000f12d  sprintf                               
2000ae95  sqrt                                  
2000ae95  sqrtl                                 
2000fd3b  strchr                                
2000fd8d  strcpy                                
2000fda1  strlen                                
20007b05  testdrawcircles                       
20007975  testdrawrects                         
20007903  testfastlines                         
20007a93  testfillcircles                       
200079d5  testfillrects                         
20007c73  testlines                             
20007c01  testroundrects                        
20007b7f  testtriangles                         
2001f268  textbgcolor                           
2001f264  textcolor                             
2001f260  textsize                              
2000eda9  uDMAChannelAssign                     
2000e68d  uDMAChannelAttributeDisable           
2000e6f1  uDMAChannelAttributeEnable            
2000f319  uDMAChannelControlSet                 
2000faf1  uDMAChannelEnable                     
2000c0fd  uDMAChannelTransferSet                
2000f16d  vsnprintf                             
2000fdeb  wcslen                                
200062cb  width                                 
2001f26c  wrap                                  
20008571  writeCommand                          
200085b3  writeData                             


GLOBAL SYMBOLS: SORTED BY Symbol Address 

address   name                                  
-------   ----                                  
00001000  __STACK_SIZE                          
00008000  __SYSMEM_SIZE                         
20004000  g_pfnVectors                          
20004401  DisplayBanner                         
20004427  SimpleLinkWlanEventHandler            
20004551  SimpleLinkNetAppEventHandler          
200045ed  SimpleLinkHttpServerCallback          
200045f9  SimpleLinkGeneralEventHandler         
20004619  SimpleLinkSockEventHandler            
20004dd9  printErrConvenience                   
20005231  main                                  
20005871  drawCircle                            
200059a5  drawCircleHelper                      
20005ac3  fillCircle                            
20005afd  fillCircleHelper                      
20005beb  drawLine                              
20005cd7  drawRect                              
20005d25  drawRoundRect                         
20005e13  fillRoundRect                         
20005e8d  drawTriangle                          
20005ecf  fillTriangle                          
200060cf  drawChar                              
2000621b  Outstr                                
20006267  setCursor                             
2000627f  setTextSize                           
2000629f  setTextColor                          
200062b7  setTextWrap                           
200062cb  width                                 
200062cf  height                                
200062f1  __TI_printfi                          
20006d41  pow                                   
20006d41  powl                                  
200076fd  printFullCharacterSet                 
2000775b  printIntroduction                     
2000782b  printWarning                          
200078cf  delay                                 
20007903  testfastlines                         
20007975  testdrawrects                         
200079d5  testfillrects                         
20007a93  testfillcircles                       
20007b05  testdrawcircles                       
20007b7f  testtriangles                         
20007c01  testroundrects                        
20007c73  testlines                             
20007e41  lcdTestPattern                        
20007f11  lcdTestPattern2                       
20008571  writeCommand                          
200085b3  writeData                             
200085f5  Adafruit_Init                         
20008727  goTo                                  
2000876b  Color565                              
200087ad  fillScreen                            
200087c3  fillRect                              
20008879  drawFastVLine                         
20008915  drawFastHLine                         
200089b1  drawPixel                             
200089ef  invert                                
20008a0b  _nop                                  
20008a4d  TMP006DrvOpen                         
20008ce5  TMP006DrvGetTemp                      
20008e79  GPIO_IF_LedConfigure                  
20008eb7  GPIO_IF_LedOn                         
20008f6b  GPIO_IF_LedOff                        
2000901f  GPIO_IF_LedStatus                     
20009089  GPIO_IF_LedToggle                     
200090b7  GPIO_IF_GetPortNPin                   
200090fd  GPIO_IF_ConfigureNIntEnable           
20009145  GPIO_IF_Set                           
20009189  GPIO_IF_Get                           
20009249  I2C_IF_Write                          
200092f9  I2C_IF_Read                           
200093b5  I2C_IF_ReadFrom                       
200093fb  I2C_IF_Open                           
20009443  I2C_IF_Close                          
20009459  InitTerm                              
20009477  Message                               
20009499  ClearTerm                             
200094a3  Error                                 
200094db  GetCmd                                
20009581  TrimSpace                             
20009619  Report                                
200096d9  sl_WlanConnect                        
20009e09  _SlDrvDataReadOp                      
20009fed  _SlDrvReleasePoolObj                  
2000a389  __aeabi_dsub                          
2000a393  __aeabi_dadd                          
2000a53f  __aeabi_idiv0                         
2000a53f  __aeabi_ldiv0                         
2000a541  _SlDrvDriverCBInit                    
2000a891  _SlDrvWaitForPoolObj                  
2000aa21  sl_Connect                            
2000abad  PRCMCC3200MCUInit                     
2000ae95  sqrt                                  
2000ae95  sqrtl                                 
2000aff1  _SlDrvDataWriteOp                     
2000b141  spi_Open                              
2000b3cd  sl_NetAppDnsGetHostByName             
2000b64d  __aeabi_ddiv                          
2000b785  sl_Send                               
2000b8b9  _SlDrvDriverCBDeinit                  
2000bb09  aligned_alloc                         
2000bb09  memalign                              
2000bc21  _SlDrvNetAppEventHandler              
2000bd25  __aeabi_dmul                          
2000be21  __aeabi_fsub                          
2000be25  __aeabi_fadd                          
2000bf1d  sl_Stop                               
2000c00d  spi_Read                              
2000c0fd  uDMAChannelTransferSet                
2000c1ed  sl_Start                              
2000c3c1  _SlDrvMsgReadSpawnCtx                 
2000c4a9  realloc                               
2000c591  free                                  
2000c675  sl_NetAppMDNSRegisterUnregisterService
2000c835  ldexp                                 
2000c835  ldexpl                                
2000c835  scalbn                                
2000c835  scalbnl                               
2000c905  _sl_HandleAsync_DnsGetHostByService   
2000c9d1  sl_DevGet                             
2000ca9d  PinMuxConfig                          
2000cc29  _SlDrvCmdOp                           
2000cd9d  _SlNonOsSemGet                        
2000ce4d  IntDisable                            
2000cef5  IntEnable                             
2000cf9d  _SlDriverHandleError                  
2000d041  SPIConfigSetExpClk                    
2000d0e1  sl_Recv                               
2000d181  __aeabi_memcpy                        
2000d181  __aeabi_memcpy4                       
2000d181  __aeabi_memcpy8                       
2000d181  memcpy                                
2000d21d  _SlDrvDeviceEventHandler              
2000d2b9  sl_DevSet                             
2000d351  sl_NetCfgSet                          
2000d3e9  sl_SetSockOpt                         
2000d481  sl_WlanSet                            
2000d519  spi_Write                             
2000d5b1  __aeabi_uldivmod                      
2000d649  PRCMPeripheralClockGet                
2000d6dd  __aeabi_fdiv                          
2000d771  _sl_HandleAsync_DnsGetHostByName      
2000d801  _sl_HandleAsync_PingResponse          
2000d891  sl_WlanPolicySet                      
2000da39  _SlDrvIsTimeoutExpired                
2000dac5  _sl_HandleAsync_InitComplete          
2000db51  sl_Socket                             
2000dbdd  PinConfigSet                          
2000dc65  __aeabi_cdcmpeq                       
2000dc65  __aeabi_cdcmple                       
2000dceb  __aeabi_cdrcmple                      
2000dd71  I2CMasterInitExpClk                   
2000ddf5  sl_WlanRxFilterSet                    
2000de79  GPIOIntTypeSet                        
2000defd  _sl_HandleAsync_Connect               
2000e07d  __aeabi_fmul                          
2000e0f7  __aeabi_memclr                        
2000e0f7  __aeabi_memclr4                       
2000e0f7  __aeabi_memclr8                       
2000e0f9  __aeabi_memset                        
2000e0f9  __aeabi_memset4                       
2000e0f9  __aeabi_memset8                       
2000e0ff  memset                                
2000e171  spi_Close                             
2000e1e9  UARTConfigSetExpClk                   
2000e261  _SlNonOsMainLoopTask                  
2000e3b3  __aeabi_d2f                           
2000e421  _SlDrvCmdSend                         
2000e48d  _sl_NetAppSendTokenValue              
2000e4f9  __TI_decompress_lzss                  
2000e561  _SlNonOsSpawn                         
2000e5c5  _sl_HandleAsync_Accept                
2000e629  sl_NetAppMDNSUnRegisterService        
2000e68d  uDMAChannelAttributeDisable           
2000e6f1  uDMAChannelAttributeEnable            
2000e755  __aeabi_cfrcmple                      
2000e7b5  sl_Close                              
2000e815  sl_WlanProfileDel                     
2000e875  sl_WlanSetMode                        
2000e8d5  frexp                                 
2000e8d5  frexpl                                
2000e931  IntPendClear                          
2000e989  PRCMPeripheralReset                   
2000ea39  IntPrioritySet                        
2000ea8d  _SlDrvRxIrqHandler                    
2000eae1  _sl_HandleAsync_Select                
2000eb35  ltoa                                  
2000ebdd  _sl_HandleAsync_Stop                  
2000ec2d  SPIIntEnable                          
2000ecc5  _SlDrvProtectAsyncRespSetting         
2000ed5d  atoi                                  
2000eda9  uDMAChannelAssign                     
2000ee3d  SPIIntClear                           
2000ee85  _SlDrvBasicCmd                        
2000eecd  __aeabi_d2iz                          
2000ef59  TimerConfigure                        
2000ef9d  _SlDrvSyncObjWaitTimeout              
2000efe1  __TI_auto_init_nobinit_nopinit        
2000f069  sl_Htonl                              
2000f0ad  PinModeSet                            
2000f12d  sprintf                               
2000f16d  vsnprintf                             
2000f1ad  NwpRegisterInterruptHandler           
2000f265  PRCMPeripheralClkEnable               
2000f2a1  simplelink_timerA2_start              
2000f2dd  sl_Htons                              
2000f319  uDMAChannelControlSet                 
2000f355  NwpPowerOff                           
2000f38d  __aeabi_f2d                           
2000f3c5  sl_WlanDisconnect                     
2000f3fd  GPIODirModeSet                        
2000f435  PRCMPeripheralStatusGet               
2000f469  SPIFIFOLevelSet                       
2000f49d  PinTypeGPIO                           
2000f4cd  UARTDisable                           
2000f52d  __aeabi_i2d                           
2000f55b  I2CMasterErr                          
2000f589  NwpPowerOn                            
2000f5b5  PRCMSysResetCauseGet                  
2000f60d  _SlDrvProtectionObjLockWaitForever    
2000f639  TimerLoadSet                          
2000f663  TimerPrescaleSet                      
2000f68d  PRCMPeripheralClkDisable              
2000f6b5  _SlDrvGlobalObjUnLock                 
2000f6dd  _SlDrvProtectionObjUnLock             
2000f705  _SlDrvSyncObjWaitForever              
2000f755  _SlDrvObjLockWaitForever              
2000f77d  DmaSpiSwIntHandler                    
2000f7a1  IntUnregister                         
2000f7c5  UARTEnable                            
2000f7e9  _c_int00_noargs                       
2000f80d  memmove                               
2000f831  I2CMasterSlaveAddrSet                 
2000f853  SPIReset                              
2000f875  SPIWordCountSet                       
2000f897  GPIOPinWrite                          
2000f8b9  IntRegister                           
2000f8d9  NwpPrePowerOffTimout0                 
2000f8f9  SPIDataGet                            
2000f919  TimerGetCurrentTimestamp              
2000f939  _SlDrvObjUnLock                       
2000f959  _SlDrvSyncObjSignal                   
2000f979  GPIOIntRegister                       
2000f997  I2CMasterIntStatusEx                  
2000f9b5  SPIDataPut                            
2000f9d3  TimerEnable                           
2000f9f1  UARTCharPut                           
2000fa2d  PinTypeI2C                            
2000fa49  TimerValueGet                         
2000fa65  UARTCharGetNonBlocking                
2000fa81  _SlDrvStartMeasureTimeout             
2000fa9d  __TI_zero_init_nomemset               
2000fad5  memccpy                               
2000faf1  uDMAChannelEnable                     
2000fb0d  GPIOIntEnable                         
2000fb27  PinTypeSPI                            
2000fb41  PinTypeUART                           
2000fb5b  SPIDmaDisable                         
2000fb75  SPIDmaEnable                          
2000fb8f  SPIFIFODisable                        
2000fba9  SPIFIFOEnable                         
2000fbc3  SPIIntUnregister                      
2000fbdd  GPIOPinRead                           
2000fbf5  SPICSDisable                          
2000fc0d  SPICSEnable                           
2000fc25  SPIDisable                            
2000fc3d  SPIEnable                             
2000fc55  UARTCharsAvail                        
2000fc6d  _SlNonOsSemSet                        
2000fccd  I2CMasterDataPut                      
2000fce3  I2CMasterEnable                       
2000fcf9  PRCMHIBRegRead                        
2000fd0f  PRCMHIBRegWrite                       
2000fd25  _SlDrvMemZero                         
2000fd3b  strchr                                
2000fd51  CPUcpsie                              
2000fd65  GPIOIntClear                          
2000fd79  IntVTableBaseSet                      
2000fd8d  strcpy                                
2000fda1  strlen                                
2000fdb5  I2CMasterControl                      
2000fdc7  I2CMasterIntClearEx                   
2000fdd9  I2CMasterTimeoutSet                   
2000fdeb  wcslen                                
2000fdfd  _SlDrvDispatchHttpServerEvents        
2000fe0d  I2CMasterDataGet                      
2000fe1b  _SlDrvResetCmdExt                     
2000fe29  __TI_decompress_none                  
2000fe37  ResetISR                              
2000fe45  NwpMaskInterrupt                      
2000fe51  NwpUnMaskInterrupt                    
2000fe5d  copysign                              
2000fe5d  copysignl                             
2000fe69  IntMasterEnable                       
2000fe7d  __aeabi_errno_addr                    
2000fe85  malloc                                
2000fe8d  UtilsDelay                            
2000fe93  _system_pre_init                      
2000fe97  C$$EXIT                               
2000fe97  abort                                 
2001039b  _ctypes_                              
20010798  OpcodeTranslateTable                  
200107d4  _SlActionLookupTable                  
200109d2  _SlNetAppSendTokenValueCmdCtrl        
20010a10  __TI_static_base__                    
20010a4c  __TI_Handler_Table_Base               
20010a58  __TI_Handler_Table_Limit              
20010a60  __TI_CINIT_Base                       
20010a70  __TI_CINIT_Limit                      
20017000  _sys_memory                           
2001f168  g_ucDinDout                           
2001f1b8  g_time                                
2001f1e4  g_ucConnectionSSID                    
2001f208  g_ucConnectionBSSID                   
2001f214  RxIrqCnt                              
2001f215  g_bDeviceRestartIsRequired            
2001f216  g_cDummy                              
2001f217  g_ucLED1Pin                           
2001f218  g_ucLED2Pin                           
2001f219  g_ucLED3Pin                           
2001f21c  g__SlNonOsCB                          
2001f258  cursor_x                              
2001f25c  cursor_y                              
2001f260  textsize                              
2001f264  textcolor                             
2001f268  textbgcolor                           
2001f26c  wrap                                  
2001f284  g_ulStatus                            
2001f288  g_ulPingPacketsRecv                   
2001f28c  g_ulGatewayIP                         
2001f290  g_Host                                
2001f294  g_SlDeviceStatus                      
2001f298  g_pCB                                 
2001f29c  pPingCallBackFunc                     
2001f2a4  g_uiLED1Port                          
2001f2a8  g_uiLED2Port                          
2001f2ac  g_uiLED3Port                          
2001f2b0  g_SpiFd                               
2001f2b4  g_pHostIntHdl                         
2001f2b8  g_ucDMAEnabled                        
2001f2bc  _lock                                 
2001f2c0  _unlock                               
2001f2cc  errno                                 
2002f000  __stack                               
20030000  __STACK_END                           
ffffffff  __TI_pprof_out_hndl                   
ffffffff  __TI_prof_data_size                   
ffffffff  __TI_prof_data_start                  
ffffffff  __binit__                             
ffffffff  __c_args__                            
ffffffff  binit                                 
UNDEFED   __mpu_init                            
UNDEFED   _system_post_cinit                    

[353 symbols]
