<?xml version="1.0" encoding="ISO-8859-1" ?>
<link_info>
   <banner>TI ARM Linker PC v20.2.5.LTS</banner>
   <copyright>Copyright (c) 1996-2018 Texas Instruments Incorporated</copyright>
   <link_time>0x621fb4b2</link_time>
   <link_errors>0x0</link_errors>
   <output_file>SSL_REST_API_AWS_W19.out</output_file>
   <entry_point>
      <name>_c_int00_noargs</name>
      <address>0x2000ca9d</address>
   </entry_point>
   <input_file_list>
      <input_file id="fl-2">
         <path>.\</path>
         <kind>object</kind>
         <file>gpio_if.obj</file>
         <name>gpio_if.obj</name>
      </input_file>
      <input_file id="fl-3">
         <path>.\</path>
         <kind>object</kind>
         <file>main.obj</file>
         <name>main.obj</name>
      </input_file>
      <input_file id="fl-4">
         <path>.\</path>
         <kind>object</kind>
         <file>network_common.obj</file>
         <name>network_common.obj</name>
      </input_file>
      <input_file id="fl-5">
         <path>.\</path>
         <kind>object</kind>
         <file>pin_mux_config.obj</file>
         <name>pin_mux_config.obj</name>
      </input_file>
      <input_file id="fl-6">
         <path>.\</path>
         <kind>object</kind>
         <file>startup_ccs.obj</file>
         <name>startup_ccs.obj</name>
      </input_file>
      <input_file id="fl-7">
         <path>.\</path>
         <kind>object</kind>
         <file>uart_if.obj</file>
         <name>uart_if.obj</name>
      </input_file>
      <input_file id="fl-d">
         <kind>object</kind>
         <file>&lt;internal&gt;</file>
         <name>&lt;internal&gt;</name>
      </input_file>
      <input_file id="fl-c3">
         <path>C:\ti\ccs1040\ccs\tools\compiler\ti-cgt-arm_20.2.5.LTS\lib\</path>
         <kind>archive</kind>
         <file>rtsv7M4_T_le_eabi.lib</file>
         <name>sprintf.c.obj</name>
      </input_file>
      <input_file id="fl-c4">
         <path>C:\ti\ccs1040\ccs\tools\compiler\ti-cgt-arm_20.2.5.LTS\lib\</path>
         <kind>archive</kind>
         <file>rtsv7M4_T_le_eabi.lib</file>
         <name>vsnprintf.c.obj</name>
      </input_file>
      <input_file id="fl-c5">
         <path>C:\ti\ccs1040\ccs\tools\compiler\ti-cgt-arm_20.2.5.LTS\lib\</path>
         <kind>archive</kind>
         <file>rtsv7M4_T_le_eabi.lib</file>
         <name>memcpy_t2.asm.obj</name>
      </input_file>
      <input_file id="fl-c6">
         <path>C:\ti\ccs1040\ccs\tools\compiler\ti-cgt-arm_20.2.5.LTS\lib\</path>
         <kind>archive</kind>
         <file>rtsv7M4_T_le_eabi.lib</file>
         <name>memset_t2.asm.obj</name>
      </input_file>
      <input_file id="fl-c7">
         <path>C:\ti\ccs1040\ccs\tools\compiler\ti-cgt-arm_20.2.5.LTS\lib\</path>
         <kind>archive</kind>
         <file>rtsv7M4_T_le_eabi.lib</file>
         <name>copy_zero_init.c.obj</name>
      </input_file>
      <input_file id="fl-c8">
         <path>C:\ti\ccs1040\ccs\tools\compiler\ti-cgt-arm_20.2.5.LTS\lib\</path>
         <kind>archive</kind>
         <file>rtsv7M4_T_le_eabi.lib</file>
         <name>copy_decompress_none.c.obj</name>
      </input_file>
      <input_file id="fl-c9">
         <path>C:\ti\ccs1040\ccs\tools\compiler\ti-cgt-arm_20.2.5.LTS\lib\</path>
         <kind>archive</kind>
         <file>rtsv7M4_T_le_eabi.lib</file>
         <name>copy_decompress_lzss.c.obj</name>
      </input_file>
      <input_file id="fl-ca">
         <path>C:\ti\ccs1040\ccs\tools\compiler\ti-cgt-arm_20.2.5.LTS\lib\</path>
         <kind>archive</kind>
         <file>rtsv7M4_T_le_eabi.lib</file>
         <name>memmov.c.obj</name>
      </input_file>
      <input_file id="fl-cb">
         <path>C:\ti\ccs1040\ccs\tools\compiler\ti-cgt-arm_20.2.5.LTS\lib\</path>
         <kind>archive</kind>
         <file>rtsv7M4_T_le_eabi.lib</file>
         <name>memory.c.obj</name>
      </input_file>
      <input_file id="fl-cc">
         <path>C:\ti\ccs1040\ccs\tools\compiler\ti-cgt-arm_20.2.5.LTS\lib\</path>
         <kind>archive</kind>
         <file>rtsv7M4_T_le_eabi.lib</file>
         <name>strcpy.c.obj</name>
      </input_file>
      <input_file id="fl-cd">
         <path>C:\ti\ccs1040\ccs\tools\compiler\ti-cgt-arm_20.2.5.LTS\lib\</path>
         <kind>archive</kind>
         <file>rtsv7M4_T_le_eabi.lib</file>
         <name>strlen.c.obj</name>
      </input_file>
      <input_file id="fl-ce">
         <path>C:\ti\ccs1040\ccs\tools\compiler\ti-cgt-arm_20.2.5.LTS\lib\</path>
         <kind>archive</kind>
         <file>rtsv7M4_T_le_eabi.lib</file>
         <name>boot_cortex_m.c.obj</name>
      </input_file>
      <input_file id="fl-cf">
         <path>C:\ti\ccs1040\ccs\tools\compiler\ti-cgt-arm_20.2.5.LTS\lib\</path>
         <kind>archive</kind>
         <file>rtsv7M4_T_le_eabi.lib</file>
         <name>_printfi.c.obj</name>
      </input_file>
      <input_file id="fl-d0">
         <path>C:\ti\ccs1040\ccs\tools\compiler\ti-cgt-arm_20.2.5.LTS\lib\</path>
         <kind>archive</kind>
         <file>rtsv7M4_T_le_eabi.lib</file>
         <name>s_frexp.c.obj</name>
      </input_file>
      <input_file id="fl-d1">
         <path>C:\ti\ccs1040\ccs\tools\compiler\ti-cgt-arm_20.2.5.LTS\lib\</path>
         <kind>archive</kind>
         <file>rtsv7M4_T_le_eabi.lib</file>
         <name>s_scalbn.c.obj</name>
      </input_file>
      <input_file id="fl-d2">
         <path>C:\ti\ccs1040\ccs\tools\compiler\ti-cgt-arm_20.2.5.LTS\lib\</path>
         <kind>archive</kind>
         <file>rtsv7M4_T_le_eabi.lib</file>
         <name>wcslen.c.obj</name>
      </input_file>
      <input_file id="fl-d3">
         <path>C:\ti\ccs1040\ccs\tools\compiler\ti-cgt-arm_20.2.5.LTS\lib\</path>
         <kind>archive</kind>
         <file>rtsv7M4_T_le_eabi.lib</file>
         <name>fd_add_t2.asm.obj</name>
      </input_file>
      <input_file id="fl-d4">
         <path>C:\ti\ccs1040\ccs\tools\compiler\ti-cgt-arm_20.2.5.LTS\lib\</path>
         <kind>archive</kind>
         <file>rtsv7M4_T_le_eabi.lib</file>
         <name>fd_cmp_t2.asm.obj</name>
      </input_file>
      <input_file id="fl-d5">
         <path>C:\ti\ccs1040\ccs\tools\compiler\ti-cgt-arm_20.2.5.LTS\lib\</path>
         <kind>archive</kind>
         <file>rtsv7M4_T_le_eabi.lib</file>
         <name>fd_div_t2.asm.obj</name>
      </input_file>
      <input_file id="fl-d6">
         <path>C:\ti\ccs1040\ccs\tools\compiler\ti-cgt-arm_20.2.5.LTS\lib\</path>
         <kind>archive</kind>
         <file>rtsv7M4_T_le_eabi.lib</file>
         <name>fd_mul_t2.asm.obj</name>
      </input_file>
      <input_file id="fl-d7">
         <path>C:\ti\ccs1040\ccs\tools\compiler\ti-cgt-arm_20.2.5.LTS\lib\</path>
         <kind>archive</kind>
         <file>rtsv7M4_T_le_eabi.lib</file>
         <name>fd_toi_t2.asm.obj</name>
      </input_file>
      <input_file id="fl-d8">
         <path>C:\ti\ccs1040\ccs\tools\compiler\ti-cgt-arm_20.2.5.LTS\lib\</path>
         <kind>archive</kind>
         <file>rtsv7M4_T_le_eabi.lib</file>
         <name>i_tofd_t2.asm.obj</name>
      </input_file>
      <input_file id="fl-d9">
         <path>C:\ti\ccs1040\ccs\tools\compiler\ti-cgt-arm_20.2.5.LTS\lib\</path>
         <kind>archive</kind>
         <file>rtsv7M4_T_le_eabi.lib</file>
         <name>ull_div_t2.asm.obj</name>
      </input_file>
      <input_file id="fl-da">
         <path>C:\ti\ccs1040\ccs\tools\compiler\ti-cgt-arm_20.2.5.LTS\lib\</path>
         <kind>archive</kind>
         <file>rtsv7M4_T_le_eabi.lib</file>
         <name>autoinit.c.obj</name>
      </input_file>
      <input_file id="fl-db">
         <path>C:\ti\ccs1040\ccs\tools\compiler\ti-cgt-arm_20.2.5.LTS\lib\</path>
         <kind>archive</kind>
         <file>rtsv7M4_T_le_eabi.lib</file>
         <name>pre_init.c.obj</name>
      </input_file>
      <input_file id="fl-dc">
         <path>C:\ti\ccs1040\ccs\tools\compiler\ti-cgt-arm_20.2.5.LTS\lib\</path>
         <kind>archive</kind>
         <file>rtsv7M4_T_le_eabi.lib</file>
         <name>cpy_tbl.c.obj</name>
      </input_file>
      <input_file id="fl-dd">
         <path>C:\ti\ccs1040\ccs\tools\compiler\ti-cgt-arm_20.2.5.LTS\lib\</path>
         <kind>archive</kind>
         <file>rtsv7M4_T_le_eabi.lib</file>
         <name>exit.c.obj</name>
      </input_file>
      <input_file id="fl-de">
         <path>C:\ti\ccs1040\ccs\tools\compiler\ti-cgt-arm_20.2.5.LTS\lib\</path>
         <kind>archive</kind>
         <file>rtsv7M4_T_le_eabi.lib</file>
         <name>_lock.c.obj</name>
      </input_file>
      <input_file id="fl-df">
         <path>C:\ti\ccs1040\ccs\tools\compiler\ti-cgt-arm_20.2.5.LTS\lib\</path>
         <kind>archive</kind>
         <file>rtsv7M4_T_le_eabi.lib</file>
         <name>_ltoa.c.obj</name>
      </input_file>
      <input_file id="fl-e0">
         <path>C:\ti\ccs1040\ccs\tools\compiler\ti-cgt-arm_20.2.5.LTS\lib\</path>
         <kind>archive</kind>
         <file>rtsv7M4_T_le_eabi.lib</file>
         <name>args_main.c.obj</name>
      </input_file>
      <input_file id="fl-e1">
         <path>C:\ti\ccs1040\ccs\tools\compiler\ti-cgt-arm_20.2.5.LTS\lib\</path>
         <kind>archive</kind>
         <file>rtsv7M4_T_le_eabi.lib</file>
         <name>atoi.c.obj</name>
      </input_file>
      <input_file id="fl-e2">
         <path>C:\ti\ccs1040\ccs\tools\compiler\ti-cgt-arm_20.2.5.LTS\lib\</path>
         <kind>archive</kind>
         <file>rtsv7M4_T_le_eabi.lib</file>
         <name>ctype.c.obj</name>
      </input_file>
      <input_file id="fl-e3">
         <path>C:\ti\ccs1040\ccs\tools\compiler\ti-cgt-arm_20.2.5.LTS\lib\</path>
         <kind>archive</kind>
         <file>rtsv7M4_T_le_eabi.lib</file>
         <name>memccpy.c.obj</name>
      </input_file>
      <input_file id="fl-e4">
         <path>C:\ti\ccs1040\ccs\tools\compiler\ti-cgt-arm_20.2.5.LTS\lib\</path>
         <kind>archive</kind>
         <file>rtsv7M4_T_le_eabi.lib</file>
         <name>strchr.c.obj</name>
      </input_file>
      <input_file id="fl-e5">
         <path>C:\ti\ccs1040\ccs\tools\compiler\ti-cgt-arm_20.2.5.LTS\lib\</path>
         <kind>archive</kind>
         <file>rtsv7M4_T_le_eabi.lib</file>
         <name>errno.c.obj</name>
      </input_file>
      <input_file id="fl-e6">
         <path>C:\ti\ccs1040\ccs\tools\compiler\ti-cgt-arm_20.2.5.LTS\lib\</path>
         <kind>archive</kind>
         <file>rtsv7M4_T_le_eabi.lib</file>
         <name>s_copysign.c.obj</name>
      </input_file>
      <input_file id="fl-e7">
         <path>C:\ti\ccs1040\ccs\tools\compiler\ti-cgt-arm_20.2.5.LTS\lib\</path>
         <kind>archive</kind>
         <file>rtsv7M4_T_le_eabi.lib</file>
         <name>div0.asm.obj</name>
      </input_file>
      <input_file id="fl-e8">
         <path>C:\ti\CC3200SDK_1.3.0\cc3200-sdk\driverlib\ccs\Release\</path>
         <kind>archive</kind>
         <file>driverlib.a</file>
         <name>gpio.obj</name>
      </input_file>
      <input_file id="fl-e9">
         <path>C:\ti\CC3200SDK_1.3.0\cc3200-sdk\driverlib\ccs\Release\</path>
         <kind>archive</kind>
         <file>driverlib.a</file>
         <name>interrupt.obj</name>
      </input_file>
      <input_file id="fl-ea">
         <path>C:\ti\CC3200SDK_1.3.0\cc3200-sdk\driverlib\ccs\Release\</path>
         <kind>archive</kind>
         <file>driverlib.a</file>
         <name>pin.obj</name>
      </input_file>
      <input_file id="fl-eb">
         <path>C:\ti\CC3200SDK_1.3.0\cc3200-sdk\driverlib\ccs\Release\</path>
         <kind>archive</kind>
         <file>driverlib.a</file>
         <name>prcm.obj</name>
      </input_file>
      <input_file id="fl-ec">
         <path>C:\ti\CC3200SDK_1.3.0\cc3200-sdk\driverlib\ccs\Release\</path>
         <kind>archive</kind>
         <file>driverlib.a</file>
         <name>uart.obj</name>
      </input_file>
      <input_file id="fl-ed">
         <path>C:\ti\CC3200SDK_1.3.0\cc3200-sdk\driverlib\ccs\Release\</path>
         <kind>archive</kind>
         <file>driverlib.a</file>
         <name>utils.obj</name>
      </input_file>
      <input_file id="fl-ee">
         <path>C:\ti\CC3200SDK_1.3.0\cc3200-sdk\driverlib\ccs\Release\</path>
         <kind>archive</kind>
         <file>driverlib.a</file>
         <name>cpu.obj</name>
      </input_file>
      <input_file id="fl-ef">
         <path>C:\ti\CC3200SDK_1.3.0\cc3200-sdk\driverlib\ccs\Release\</path>
         <kind>archive</kind>
         <file>driverlib.a</file>
         <name>flash.obj</name>
      </input_file>
      <input_file id="fl-f0">
         <path>C:\ti\CC3200SDK_1.3.0\cc3200-sdk\simplelink\ccs\NON_OS\</path>
         <kind>archive</kind>
         <file>simplelink.a</file>
         <name>device.obj</name>
      </input_file>
      <input_file id="fl-f1">
         <path>C:\ti\CC3200SDK_1.3.0\cc3200-sdk\simplelink\ccs\NON_OS\</path>
         <kind>archive</kind>
         <file>simplelink.a</file>
         <name>driver.obj</name>
      </input_file>
      <input_file id="fl-f2">
         <path>C:\ti\CC3200SDK_1.3.0\cc3200-sdk\simplelink\ccs\NON_OS\</path>
         <kind>archive</kind>
         <file>simplelink.a</file>
         <name>netapp.obj</name>
      </input_file>
      <input_file id="fl-f3">
         <path>C:\ti\CC3200SDK_1.3.0\cc3200-sdk\simplelink\ccs\NON_OS\</path>
         <kind>archive</kind>
         <file>simplelink.a</file>
         <name>netcfg.obj</name>
      </input_file>
      <input_file id="fl-f4">
         <path>C:\ti\CC3200SDK_1.3.0\cc3200-sdk\simplelink\ccs\NON_OS\</path>
         <kind>archive</kind>
         <file>simplelink.a</file>
         <name>nonos.obj</name>
      </input_file>
      <input_file id="fl-f5">
         <path>C:\ti\CC3200SDK_1.3.0\cc3200-sdk\simplelink\ccs\NON_OS\</path>
         <kind>archive</kind>
         <file>simplelink.a</file>
         <name>socket.obj</name>
      </input_file>
      <input_file id="fl-f6">
         <path>C:\ti\CC3200SDK_1.3.0\cc3200-sdk\simplelink\ccs\NON_OS\</path>
         <kind>archive</kind>
         <file>simplelink.a</file>
         <name>wlan.obj</name>
      </input_file>
      <input_file id="fl-f7">
         <path>C:\ti\CC3200SDK_1.3.0\cc3200-sdk\simplelink\ccs\NON_OS\</path>
         <kind>archive</kind>
         <file>simplelink.a</file>
         <name>cc_pal.obj</name>
      </input_file>
      <input_file id="fl-f8">
         <path>C:\ti\CC3200SDK_1.3.0\cc3200-sdk\driverlib\ccs\Release\</path>
         <kind>archive</kind>
         <file>driverlib.a</file>
         <name>spi.obj</name>
      </input_file>
      <input_file id="fl-f9">
         <path>C:\ti\CC3200SDK_1.3.0\cc3200-sdk\driverlib\ccs\Release\</path>
         <kind>archive</kind>
         <file>driverlib.a</file>
         <name>timer.obj</name>
      </input_file>
      <input_file id="fl-fa">
         <path>C:\ti\CC3200SDK_1.3.0\cc3200-sdk\driverlib\ccs\Release\</path>
         <kind>archive</kind>
         <file>driverlib.a</file>
         <name>udma.obj</name>
      </input_file>
   </input_file_list>
   <object_component_list>
      <object_component id="oc-12">
         <name>.intvecs</name>
         <load_address>0x20004000</load_address>
         <run_address>0x20004000</run_address>
         <size>0x400</size>
         <input_file_ref idref="fl-6"/>
      </object_component>
      <object_component id="oc-97">
         <name>.text</name>
         <load_address>0x20004400</load_address>
         <run_address>0x20004400</run_address>
         <size>0x1370</size>
         <input_file_ref idref="fl-3"/>
      </object_component>
      <object_component id="oc-3f2">
         <name>.text:__TI_printfi</name>
         <load_address>0x20005770</load_address>
         <run_address>0x20005770</run_address>
         <size>0xa4e</size>
         <input_file_ref idref="fl-cf"/>
      </object_component>
      <object_component id="oc-6c9">
         <name>.text:IntDefaultHandler</name>
         <load_address>0x200061be</load_address>
         <run_address>0x200061be</run_address>
         <size>0x2</size>
         <input_file_ref idref="fl-e9"/>
      </object_component>
      <object_component id="oc-6db">
         <name>.text:_SlDrvMsgRead</name>
         <load_address>0x200061c0</load_address>
         <run_address>0x200061c0</run_address>
         <size>0x590</size>
         <input_file_ref idref="fl-f1"/>
      </object_component>
      <object_component id="oc-145">
         <name>.text</name>
         <load_address>0x20006750</load_address>
         <run_address>0x20006750</run_address>
         <size>0x398</size>
         <input_file_ref idref="fl-2"/>
      </object_component>
      <object_component id="oc-13f">
         <name>.text:sl_WlanConnect</name>
         <load_address>0x20006ae8</load_address>
         <run_address>0x20006ae8</run_address>
         <size>0x280</size>
         <input_file_ref idref="fl-f6"/>
      </object_component>
      <object_component id="oc-c5">
         <name>.text</name>
         <load_address>0x20006d68</load_address>
         <run_address>0x20006d68</run_address>
         <size>0x27c</size>
         <input_file_ref idref="fl-7"/>
      </object_component>
      <object_component id="oc-611">
         <name>.text:_pconv_a</name>
         <load_address>0x20006fe4</load_address>
         <run_address>0x20006fe4</run_address>
         <size>0x268</size>
         <input_file_ref idref="fl-cf"/>
      </object_component>
      <object_component id="oc-7b7">
         <name>.text:_SlDrvRxHdrRead</name>
         <load_address>0x2000724c</load_address>
         <run_address>0x2000724c</run_address>
         <size>0x248</size>
         <input_file_ref idref="fl-f1"/>
      </object_component>
      <object_component id="oc-41a">
         <name>.text:_SlDrvDataReadOp</name>
         <load_address>0x20007494</load_address>
         <run_address>0x20007494</run_address>
         <size>0x1e4</size>
         <input_file_ref idref="fl-f1"/>
      </object_component>
      <object_component id="oc-298">
         <name>.text:_SlDrvReleasePoolObj</name>
         <load_address>0x20007678</load_address>
         <run_address>0x20007678</run_address>
         <size>0x1d0</size>
         <input_file_ref idref="fl-f1"/>
      </object_component>
      <object_component id="oc-5ff">
         <name>.text:_pconv_g</name>
         <load_address>0x20007848</load_address>
         <run_address>0x20007848</run_address>
         <size>0x1cc</size>
         <input_file_ref idref="fl-cf"/>
      </object_component>
      <object_component id="oc-73f">
         <name>.text</name>
         <load_address>0x20007a14</load_address>
         <run_address>0x20007a14</run_address>
         <size>0x1b6</size>
         <input_file_ref idref="fl-d3"/>
      </object_component>
      <object_component id="oc-653">
         <name>.text:_nop</name>
         <load_address>0x20007bca</load_address>
         <run_address>0x20007bca</run_address>
         <size>0x2</size>
         <input_file_ref idref="fl-de"/>
      </object_component>
      <object_component id="oc-26e">
         <name>.text:_SlDrvDriverCBInit</name>
         <load_address>0x20007bcc</load_address>
         <run_address>0x20007bcc</run_address>
         <size>0x1b4</size>
         <input_file_ref idref="fl-f1"/>
      </object_component>
      <object_component id="oc-567">
         <name>.text:_SlDrvMsgWrite</name>
         <load_address>0x20007d80</load_address>
         <run_address>0x20007d80</run_address>
         <size>0x19c</size>
         <input_file_ref idref="fl-f1"/>
      </object_component>
      <object_component id="oc-39b">
         <name>.text:_SlDrvWaitForPoolObj</name>
         <load_address>0x20007f1c</load_address>
         <run_address>0x20007f1c</run_address>
         <size>0x190</size>
         <input_file_ref idref="fl-f1"/>
      </object_component>
      <object_component id="oc-176">
         <name>.text:sl_Connect</name>
         <load_address>0x200080ac</load_address>
         <run_address>0x200080ac</run_address>
         <size>0x18c</size>
         <input_file_ref idref="fl-f5"/>
      </object_component>
      <object_component id="oc-133">
         <name>.text:PRCMCC3200MCUInit</name>
         <load_address>0x20008238</load_address>
         <run_address>0x20008238</run_address>
         <size>0x178</size>
         <input_file_ref idref="fl-eb"/>
      </object_component>
      <object_component id="oc-7c9">
         <name>.text:_SlFindAndSetActiveObj</name>
         <load_address>0x200083b0</load_address>
         <run_address>0x200083b0</run_address>
         <size>0x170</size>
         <input_file_ref idref="fl-f1"/>
      </object_component>
      <object_component id="oc-40c">
         <name>.text:_SlDrvDataWriteOp</name>
         <load_address>0x20008520</load_address>
         <run_address>0x20008520</run_address>
         <size>0x150</size>
         <input_file_ref idref="fl-f1"/>
      </object_component>
      <object_component id="oc-274">
         <name>.text:spi_Open</name>
         <load_address>0x20008670</load_address>
         <run_address>0x20008670</run_address>
         <size>0x148</size>
         <input_file_ref idref="fl-f7"/>
      </object_component>
      <object_component id="oc-56d">
         <name>.text:_SlDrvMsgReadCmdCtx</name>
         <load_address>0x200087b8</load_address>
         <run_address>0x200087b8</run_address>
         <size>0x144</size>
         <input_file_ref idref="fl-f1"/>
      </object_component>
      <object_component id="oc-158">
         <name>.text:sl_NetAppDnsGetHostByName</name>
         <load_address>0x200088fc</load_address>
         <run_address>0x200088fc</run_address>
         <size>0x144</size>
         <input_file_ref idref="fl-f2"/>
      </object_component>
      <object_component id="oc-60b">
         <name>.text:_pconv_e</name>
         <load_address>0x20008a40</load_address>
         <run_address>0x20008a40</run_address>
         <size>0x13c</size>
         <input_file_ref idref="fl-cf"/>
      </object_component>
      <object_component id="oc-725">
         <name>.text</name>
         <load_address>0x20008b7c</load_address>
         <run_address>0x20008b7c</run_address>
         <size>0x136</size>
         <input_file_ref idref="fl-d5"/>
      </object_component>
      <object_component id="oc-7fa">
         <name>.text</name>
         <load_address>0x20008cb2</load_address>
         <run_address>0x20008cb2</run_address>
         <size>0x2</size>
         <input_file_ref idref="fl-e7"/>
      </object_component>
      <object_component id="oc-196">
         <name>.text:sl_Send</name>
         <load_address>0x20008cb4</load_address>
         <run_address>0x20008cb4</run_address>
         <size>0x134</size>
         <input_file_ref idref="fl-f5"/>
      </object_component>
      <object_component id="oc-2dd">
         <name>.text:_SlDrvDriverCBDeinit</name>
         <load_address>0x20008de8</load_address>
         <run_address>0x20008de8</run_address>
         <size>0x130</size>
         <input_file_ref idref="fl-f1"/>
      </object_component>
      <object_component id="oc-751">
         <name>.text:fcvt</name>
         <load_address>0x20008f18</load_address>
         <run_address>0x20008f18</run_address>
         <size>0x120</size>
         <input_file_ref idref="fl-cf"/>
      </object_component>
      <object_component id="oc-17d">
         <name>.text</name>
         <load_address>0x20009038</load_address>
         <run_address>0x20009038</run_address>
         <size>0x114</size>
         <input_file_ref idref="fl-5"/>
      </object_component>
      <object_component id="oc-849">
         <name>.text:_SlDrvNetAppEventHandler</name>
         <load_address>0x2000914c</load_address>
         <run_address>0x2000914c</run_address>
         <size>0x104</size>
         <input_file_ref idref="fl-f2"/>
      </object_component>
      <object_component id="oc-46f">
         <name>.text:aligned_alloc</name>
         <load_address>0x20009250</load_address>
         <run_address>0x20009250</run_address>
         <size>0x100</size>
         <input_file_ref idref="fl-cb"/>
      </object_component>
      <object_component id="oc-720">
         <name>.text</name>
         <load_address>0x20009350</load_address>
         <run_address>0x20009350</run_address>
         <size>0xfc</size>
         <input_file_ref idref="fl-d6"/>
      </object_component>
      <object_component id="oc-e4">
         <name>.text:sl_Stop</name>
         <load_address>0x2000944c</load_address>
         <run_address>0x2000944c</run_address>
         <size>0xf0</size>
         <input_file_ref idref="fl-f0"/>
      </object_component>
      <object_component id="oc-7c3">
         <name>.text:spi_Read</name>
         <load_address>0x2000953c</load_address>
         <run_address>0x2000953c</run_address>
         <size>0xf0</size>
         <input_file_ref idref="fl-f7"/>
      </object_component>
      <object_component id="oc-902">
         <name>.text:uDMAChannelTransferSet</name>
         <load_address>0x2000962c</load_address>
         <run_address>0x2000962c</run_address>
         <size>0xf0</size>
         <input_file_ref idref="fl-fa"/>
      </object_component>
      <object_component id="oc-d2">
         <name>.text:sl_Start</name>
         <load_address>0x2000971c</load_address>
         <run_address>0x2000971c</run_address>
         <size>0xec</size>
         <input_file_ref idref="fl-f0"/>
      </object_component>
      <object_component id="oc-6e1">
         <name>.text:_SlAsyncEventGenericHandler</name>
         <load_address>0x20009808</load_address>
         <run_address>0x20009808</run_address>
         <size>0xe8</size>
         <input_file_ref idref="fl-f1"/>
      </object_component>
      <object_component id="oc-54e">
         <name>.text:_SlDrvMsgReadSpawnCtx</name>
         <load_address>0x200098f0</load_address>
         <run_address>0x200098f0</run_address>
         <size>0xe8</size>
         <input_file_ref idref="fl-f1"/>
      </object_component>
      <object_component id="oc-231">
         <name>.text:free</name>
         <load_address>0x200099d8</load_address>
         <run_address>0x200099d8</run_address>
         <size>0xe4</size>
         <input_file_ref idref="fl-cb"/>
      </object_component>
      <object_component id="oc-22b">
         <name>.text:realloc</name>
         <load_address>0x20009abc</load_address>
         <run_address>0x20009abc</run_address>
         <size>0xe4</size>
         <input_file_ref idref="fl-cb"/>
      </object_component>
      <object_component id="oc-318">
         <name>.text:sl_NetAppMDNSRegisterUnregisterService</name>
         <load_address>0x20009ba0</load_address>
         <run_address>0x20009ba0</run_address>
         <size>0xe4</size>
         <input_file_ref idref="fl-f2"/>
      </object_component>
      <object_component id="oc-7bd">
         <name>.text:_SlDrvClassifyRxMsg</name>
         <load_address>0x20009c84</load_address>
         <run_address>0x20009c84</run_address>
         <size>0xdc</size>
         <input_file_ref idref="fl-f1"/>
      </object_component>
      <object_component id="oc-765">
         <name>.text:scalbn</name>
         <load_address>0x20009d60</load_address>
         <run_address>0x20009d60</run_address>
         <size>0xd0</size>
         <input_file_ref idref="fl-d1"/>
      </object_component>
      <object_component id="oc-8c0">
         <name>.text:_sl_HandleAsync_DnsGetHostByService</name>
         <load_address>0x20009e30</load_address>
         <run_address>0x20009e30</run_address>
         <size>0xcc</size>
         <input_file_ref idref="fl-f2"/>
      </object_component>
      <object_component id="oc-ea">
         <name>.text:sl_DevGet</name>
         <load_address>0x20009efc</load_address>
         <run_address>0x20009efc</run_address>
         <size>0xcc</size>
         <input_file_ref idref="fl-f0"/>
      </object_component>
      <object_component id="oc-529">
         <name>.text:_SlRemoveFromList</name>
         <load_address>0x20009fc8</load_address>
         <run_address>0x20009fc8</run_address>
         <size>0xc4</size>
         <input_file_ref idref="fl-f1"/>
      </object_component>
      <object_component id="oc-2c1">
         <name>.text:_SlDrvCmdOp</name>
         <load_address>0x2000a08c</load_address>
         <run_address>0x2000a08c</run_address>
         <size>0xc0</size>
         <input_file_ref idref="fl-f1"/>
      </object_component>
      <object_component id="oc-5f4">
         <name>.text:_ltostr</name>
         <load_address>0x2000a14c</load_address>
         <run_address>0x2000a14c</run_address>
         <size>0xb1</size>
         <input_file_ref idref="fl-cf"/>
      </object_component>
      <object_component id="oc-49a">
         <name>.text:_SlNonOsSemGet</name>
         <load_address>0x2000a200</load_address>
         <run_address>0x2000a200</run_address>
         <size>0xb0</size>
         <input_file_ref idref="fl-f4"/>
      </object_component>
      <object_component id="oc-508">
         <name>.text:IntDisable</name>
         <load_address>0x2000a2b0</load_address>
         <run_address>0x2000a2b0</run_address>
         <size>0xa8</size>
         <input_file_ref idref="fl-e9"/>
      </object_component>
      <object_component id="oc-12d">
         <name>.text:IntEnable</name>
         <load_address>0x2000a358</load_address>
         <run_address>0x2000a358</run_address>
         <size>0xa8</size>
         <input_file_ref idref="fl-e9"/>
      </object_component>
      <object_component id="oc-522">
         <name>.text:_SlDriverHandleError</name>
         <load_address>0x2000a400</load_address>
         <run_address>0x2000a400</run_address>
         <size>0xa4</size>
         <input_file_ref idref="fl-f1"/>
      </object_component>
      <object_component id="oc-4b7">
         <name>.text:SPIConfigSetExpClk</name>
         <load_address>0x2000a4a4</load_address>
         <run_address>0x2000a4a4</run_address>
         <size>0xa0</size>
         <input_file_ref idref="fl-f8"/>
      </object_component>
      <object_component id="oc-1a2">
         <name>.text:sl_Recv</name>
         <load_address>0x2000a544</load_address>
         <run_address>0x2000a544</run_address>
         <size>0xa0</size>
         <input_file_ref idref="fl-f5"/>
      </object_component>
      <object_component id="oc-3d">
         <name>.text</name>
         <load_address>0x2000a5e4</load_address>
         <run_address>0x2000a5e4</run_address>
         <size>0x9c</size>
         <input_file_ref idref="fl-c5"/>
      </object_component>
      <object_component id="oc-8a6">
         <name>.text:_SlDrvDeviceEventHandler</name>
         <load_address>0x2000a680</load_address>
         <run_address>0x2000a680</run_address>
         <size>0x9a</size>
         <input_file_ref idref="fl-f0"/>
      </object_component>
      <object_component id="oc-14c">
         <name>.text:sl_DevSet</name>
         <load_address>0x2000a71c</load_address>
         <run_address>0x2000a71c</run_address>
         <size>0x98</size>
         <input_file_ref idref="fl-f0"/>
      </object_component>
      <object_component id="oc-102">
         <name>.text:sl_NetCfgSet</name>
         <load_address>0x2000a7b4</load_address>
         <run_address>0x2000a7b4</run_address>
         <size>0x98</size>
         <input_file_ref idref="fl-f3"/>
      </object_component>
      <object_component id="oc-170">
         <name>.text:sl_SetSockOpt</name>
         <load_address>0x2000a84c</load_address>
         <run_address>0x2000a84c</run_address>
         <size>0x98</size>
         <input_file_ref idref="fl-f5"/>
      </object_component>
      <object_component id="oc-108">
         <name>.text:sl_WlanSet</name>
         <load_address>0x2000a8e4</load_address>
         <run_address>0x2000a8e4</run_address>
         <size>0x98</size>
         <input_file_ref idref="fl-f6"/>
      </object_component>
      <object_component id="oc-6ea">
         <name>.text:spi_Write</name>
         <load_address>0x2000a97c</load_address>
         <run_address>0x2000a97c</run_address>
         <size>0x98</size>
         <input_file_ref idref="fl-f7"/>
      </object_component>
      <object_component id="oc-719">
         <name>.text</name>
         <load_address>0x2000aa14</load_address>
         <run_address>0x2000aa14</run_address>
         <size>0x96</size>
         <input_file_ref idref="fl-d9"/>
      </object_component>
      <object_component id="oc-1fb">
         <name>.text:PRCMPeripheralClockGet</name>
         <load_address>0x2000aaac</load_address>
         <run_address>0x2000aaac</run_address>
         <size>0x94</size>
         <input_file_ref idref="fl-eb"/>
      </object_component>
      <object_component id="oc-8ba">
         <name>.text:_sl_HandleAsync_DnsGetHostByName</name>
         <load_address>0x2000ab40</load_address>
         <run_address>0x2000ab40</run_address>
         <size>0x90</size>
         <input_file_ref idref="fl-f2"/>
      </object_component>
      <object_component id="oc-84f">
         <name>.text:_sl_HandleAsync_PingResponse</name>
         <load_address>0x2000abd0</load_address>
         <run_address>0x2000abd0</run_address>
         <size>0x90</size>
         <input_file_ref idref="fl-f2"/>
      </object_component>
      <object_component id="oc-f0">
         <name>.text:sl_WlanPolicySet</name>
         <load_address>0x2000ac60</load_address>
         <run_address>0x2000ac60</run_address>
         <size>0x90</size>
         <input_file_ref idref="fl-f6"/>
      </object_component>
      <object_component id="oc-856">
         <name>.text:SetupDMAReceive</name>
         <load_address>0x2000acf0</load_address>
         <run_address>0x2000acf0</run_address>
         <size>0x8c</size>
         <input_file_ref idref="fl-f7"/>
      </object_component>
      <object_component id="oc-7d4">
         <name>.text:SetupDMASend</name>
         <load_address>0x2000ad7c</load_address>
         <run_address>0x2000ad7c</run_address>
         <size>0x8c</size>
         <input_file_ref idref="fl-f7"/>
      </object_component>
      <object_component id="oc-68a">
         <name>.text:_SlDrvIsTimeoutExpired</name>
         <load_address>0x2000ae08</load_address>
         <run_address>0x2000ae08</run_address>
         <size>0x8c</size>
         <input_file_ref idref="fl-f1"/>
      </object_component>
      <object_component id="oc-913">
         <name>.text:_sl_HandleAsync_InitComplete</name>
         <load_address>0x2000ae94</load_address>
         <run_address>0x2000ae94</run_address>
         <size>0x8c</size>
         <input_file_ref idref="fl-f0"/>
      </object_component>
      <object_component id="oc-16a">
         <name>.text:sl_Socket</name>
         <load_address>0x2000af20</load_address>
         <run_address>0x2000af20</run_address>
         <size>0x8c</size>
         <input_file_ref idref="fl-f5"/>
      </object_component>
      <object_component id="oc-5e3">
         <name>.text:PinConfigSet</name>
         <load_address>0x2000afac</load_address>
         <run_address>0x2000afac</run_address>
         <size>0x88</size>
         <input_file_ref idref="fl-ea"/>
      </object_component>
      <object_component id="oc-5fa">
         <name>.text:__aeabi_cdcmple</name>
         <load_address>0x2000b034</load_address>
         <run_address>0x2000b034</run_address>
         <size>0x86</size>
         <input_file_ref idref="fl-d4"/>
      </object_component>
      <object_component id="oc-72a">
         <name>.text:__aeabi_cdrcmple</name>
         <load_address>0x2000b0ba</load_address>
         <run_address>0x2000b0ba</run_address>
         <size>0x86</size>
         <input_file_ref idref="fl-d4"/>
      </object_component>
      <object_component id="oc-11a">
         <name>.text:sl_WlanRxFilterSet</name>
         <load_address>0x2000b140</load_address>
         <run_address>0x2000b140</run_address>
         <size>0x84</size>
         <input_file_ref idref="fl-f6"/>
      </object_component>
      <object_component id="oc-365">
         <name>.text:GPIOIntTypeSet</name>
         <load_address>0x2000b1c4</load_address>
         <run_address>0x2000b1c4</run_address>
         <size>0x82</size>
         <input_file_ref idref="fl-e8"/>
      </object_component>
      <object_component id="oc-8e2">
         <name>.text:_sl_HandleAsync_Connect</name>
         <load_address>0x2000b248</load_address>
         <run_address>0x2000b248</run_address>
         <size>0x80</size>
         <input_file_ref idref="fl-f5"/>
      </object_component>
      <object_component id="oc-85c">
         <name>.text:spi_Read_CPU</name>
         <load_address>0x2000b2c8</load_address>
         <run_address>0x2000b2c8</run_address>
         <size>0x80</size>
         <input_file_ref idref="fl-f7"/>
      </object_component>
      <object_component id="oc-7e6">
         <name>.text:spi_Write_CPU</name>
         <load_address>0x2000b348</load_address>
         <run_address>0x2000b348</run_address>
         <size>0x80</size>
         <input_file_ref idref="fl-f7"/>
      </object_component>
      <object_component id="oc-8b">
         <name>.text</name>
         <load_address>0x2000b3c8</load_address>
         <run_address>0x2000b3c8</run_address>
         <size>0x7a</size>
         <input_file_ref idref="fl-c6"/>
      </object_component>
      <object_component id="oc-2d7">
         <name>.text:spi_Close</name>
         <load_address>0x2000b444</load_address>
         <run_address>0x2000b444</run_address>
         <size>0x78</size>
         <input_file_ref idref="fl-f7"/>
      </object_component>
      <object_component id="oc-201">
         <name>.text:UARTConfigSetExpClk</name>
         <load_address>0x2000b4bc</load_address>
         <run_address>0x2000b4bc</run_address>
         <size>0x76</size>
         <input_file_ref idref="fl-ec"/>
      </object_component>
      <object_component id="oc-d8">
         <name>.text:_SlNonOsMainLoopTask</name>
         <load_address>0x2000b534</load_address>
         <run_address>0x2000b534</run_address>
         <size>0x74</size>
         <input_file_ref idref="fl-f4"/>
      </object_component>
      <object_component id="oc-47c">
         <name>.text:split</name>
         <load_address>0x2000b5a8</load_address>
         <run_address>0x2000b5a8</run_address>
         <size>0x70</size>
         <input_file_ref idref="fl-cb"/>
      </object_component>
      <object_component id="oc-74a">
         <name>.text:_mcpy</name>
         <load_address>0x2000b618</load_address>
         <run_address>0x2000b618</run_address>
         <size>0x6e</size>
         <input_file_ref idref="fl-cf"/>
      </object_component>
      <object_component id="oc-92b">
         <name>.text:_SlDrvCmdSend</name>
         <load_address>0x2000b688</load_address>
         <run_address>0x2000b688</run_address>
         <size>0x6c</size>
         <input_file_ref idref="fl-f1"/>
      </object_component>
      <object_component id="oc-8cc">
         <name>.text:_sl_NetAppSendTokenValue</name>
         <load_address>0x2000b6f4</load_address>
         <run_address>0x2000b6f4</run_address>
         <size>0x6c</size>
         <input_file_ref idref="fl-f2"/>
      </object_component>
      <object_component id="oc-15">
         <name>.text:decompress:lzss:__TI_decompress_lzss</name>
         <load_address>0x2000b760</load_address>
         <run_address>0x2000b760</run_address>
         <size>0x68</size>
         <input_file_ref idref="fl-c9"/>
      </object_component>
      <object_component id="oc-548">
         <name>.text:_SlNonOsSpawn</name>
         <load_address>0x2000b7c8</load_address>
         <run_address>0x2000b7c8</run_address>
         <size>0x64</size>
         <input_file_ref idref="fl-f4"/>
      </object_component>
      <object_component id="oc-8dc">
         <name>.text:_sl_HandleAsync_Accept</name>
         <load_address>0x2000b82c</load_address>
         <run_address>0x2000b82c</run_address>
         <size>0x64</size>
         <input_file_ref idref="fl-f5"/>
      </object_component>
      <object_component id="oc-10e">
         <name>.text:sl_NetAppMDNSUnRegisterService</name>
         <load_address>0x2000b890</load_address>
         <run_address>0x2000b890</run_address>
         <size>0x64</size>
         <input_file_ref idref="fl-f2"/>
      </object_component>
      <object_component id="oc-6a1">
         <name>.text:uDMAChannelAttributeDisable</name>
         <load_address>0x2000b8f4</load_address>
         <run_address>0x2000b8f4</run_address>
         <size>0x64</size>
         <input_file_ref idref="fl-fa"/>
      </object_component>
      <object_component id="oc-8fc">
         <name>.text:uDMAChannelAttributeEnable</name>
         <load_address>0x2000b958</load_address>
         <run_address>0x2000b958</run_address>
         <size>0x64</size>
         <input_file_ref idref="fl-fa"/>
      </object_component>
      <object_component id="oc-19c">
         <name>.text:sl_Close</name>
         <load_address>0x2000b9bc</load_address>
         <run_address>0x2000b9bc</run_address>
         <size>0x60</size>
         <input_file_ref idref="fl-f5"/>
      </object_component>
      <object_component id="oc-f6">
         <name>.text:sl_WlanProfileDel</name>
         <load_address>0x2000ba1c</load_address>
         <run_address>0x2000ba1c</run_address>
         <size>0x60</size>
         <input_file_ref idref="fl-f6"/>
      </object_component>
      <object_component id="oc-de">
         <name>.text:sl_WlanSetMode</name>
         <load_address>0x2000ba7c</load_address>
         <run_address>0x2000ba7c</run_address>
         <size>0x60</size>
         <input_file_ref idref="fl-f6"/>
      </object_component>
      <object_component id="oc-75f">
         <name>.text:frexp</name>
         <load_address>0x2000badc</load_address>
         <run_address>0x2000badc</run_address>
         <size>0x5c</size>
         <input_file_ref idref="fl-d0"/>
      </object_component>
      <object_component id="oc-514">
         <name>.text:IntPendClear</name>
         <load_address>0x2000bb38</load_address>
         <run_address>0x2000bb38</run_address>
         <size>0x58</size>
         <input_file_ref idref="fl-e9"/>
      </object_component>
      <object_component id="oc-34c">
         <name>.text:PRCMPeripheralReset</name>
         <load_address>0x2000bb90</load_address>
         <run_address>0x2000bb90</run_address>
         <size>0x58</size>
         <input_file_ref idref="fl-eb"/>
      </object_component>
      <object_component id="oc-605">
         <name>.text:_pconv_f</name>
         <load_address>0x2000bbe8</load_address>
         <run_address>0x2000bbe8</run_address>
         <size>0x56</size>
         <input_file_ref idref="fl-cf"/>
      </object_component>
      <object_component id="oc-36b">
         <name>.text:IntPrioritySet</name>
         <load_address>0x2000bc40</load_address>
         <run_address>0x2000bc40</run_address>
         <size>0x54</size>
         <input_file_ref idref="fl-e9"/>
      </object_component>
      <object_component id="oc-2aa">
         <name>.text:_SlDrvRxIrqHandler</name>
         <load_address>0x2000bc94</load_address>
         <run_address>0x2000bc94</run_address>
         <size>0x54</size>
         <input_file_ref idref="fl-f1"/>
      </object_component>
      <object_component id="oc-734">
         <name>.text:__TI_ltoa</name>
         <load_address>0x2000bce8</load_address>
         <run_address>0x2000bce8</run_address>
         <size>0x54</size>
         <input_file_ref idref="fl-df"/>
      </object_component>
      <object_component id="oc-8e8">
         <name>.text:_sl_HandleAsync_Select</name>
         <load_address>0x2000bd3c</load_address>
         <run_address>0x2000bd3c</run_address>
         <size>0x54</size>
         <input_file_ref idref="fl-f5"/>
      </object_component>
      <object_component id="oc-744">
         <name>.text:_ecpy</name>
         <load_address>0x2000bd90</load_address>
         <run_address>0x2000bd90</run_address>
         <size>0x52</size>
         <input_file_ref idref="fl-cf"/>
      </object_component>
      <object_component id="oc-8ee">
         <name>.text:_sl_HandleAsync_Stop</name>
         <load_address>0x2000bde4</load_address>
         <run_address>0x2000bde4</run_address>
         <size>0x50</size>
         <input_file_ref idref="fl-f0"/>
      </object_component>
      <object_component id="oc-4e1">
         <name>.text:SPIIntEnable</name>
         <load_address>0x2000be34</load_address>
         <run_address>0x2000be34</run_address>
         <size>0x4c</size>
         <input_file_ref idref="fl-f8"/>
      </object_component>
      <object_component id="oc-6f5">
         <name>.text:SPIIntNumberGet</name>
         <load_address>0x2000be80</load_address>
         <run_address>0x2000be80</run_address>
         <size>0x4c</size>
         <input_file_ref idref="fl-f8"/>
      </object_component>
      <object_component id="oc-27a">
         <name>.text:_SlDrvProtectAsyncRespSetting</name>
         <load_address>0x2000becc</load_address>
         <run_address>0x2000becc</run_address>
         <size>0x4c</size>
         <input_file_ref idref="fl-f1"/>
      </object_component>
      <object_component id="oc-3cc">
         <name>.text:_sl_BuildAddress</name>
         <load_address>0x2000bf18</load_address>
         <run_address>0x2000bf18</run_address>
         <size>0x4c</size>
         <input_file_ref idref="fl-f5"/>
      </object_component>
      <object_component id="oc-5ee">
         <name>.text:atoi</name>
         <load_address>0x2000bf64</load_address>
         <run_address>0x2000bf64</run_address>
         <size>0x4c</size>
         <input_file_ref idref="fl-e1"/>
      </object_component>
      <object_component id="oc-69b">
         <name>.text:uDMAChannelAssign</name>
         <load_address>0x2000bfb0</load_address>
         <run_address>0x2000bfb0</run_address>
         <size>0x4c</size>
         <input_file_ref idref="fl-fa"/>
      </object_component>
      <object_component id="oc-5bd">
         <name>.text:GPIOGetIntNumber</name>
         <load_address>0x2000bffc</load_address>
         <run_address>0x2000bffc</run_address>
         <size>0x48</size>
         <input_file_ref idref="fl-e8"/>
      </object_component>
      <object_component id="oc-6bd">
         <name>.text:SPIIntClear</name>
         <load_address>0x2000c044</load_address>
         <run_address>0x2000c044</run_address>
         <size>0x48</size>
         <input_file_ref idref="fl-f8"/>
      </object_component>
      <object_component id="oc-303">
         <name>.text:_SlDrvBasicCmd</name>
         <load_address>0x2000c08c</load_address>
         <run_address>0x2000c08c</run_address>
         <size>0x48</size>
         <input_file_ref idref="fl-f1"/>
      </object_component>
      <object_component id="oc-72f">
         <name>.text</name>
         <load_address>0x2000c0d4</load_address>
         <run_address>0x2000c0d4</run_address>
         <size>0x48</size>
         <input_file_ref idref="fl-d7"/>
      </object_component>
      <object_component id="oc-6ac">
         <name>.text:SPIDmaMaskGet</name>
         <load_address>0x2000c11c</load_address>
         <run_address>0x2000c11c</run_address>
         <size>0x44</size>
         <input_file_ref idref="fl-f8"/>
      </object_component>
      <object_component id="oc-886">
         <name>.text:TimerConfigure</name>
         <load_address>0x2000c160</load_address>
         <run_address>0x2000c160</run_address>
         <size>0x44</size>
         <input_file_ref idref="fl-f9"/>
      </object_component>
      <object_component id="oc-924">
         <name>.text:_SlDrvHandleHttpServerEvents</name>
         <load_address>0x2000c1a4</load_address>
         <run_address>0x2000c1a4</run_address>
         <size>0x44</size>
         <input_file_ref idref="fl-f1"/>
      </object_component>
      <object_component id="oc-292">
         <name>.text:_SlDrvSyncObjWaitTimeout</name>
         <load_address>0x2000c1e8</load_address>
         <run_address>0x2000c1e8</run_address>
         <size>0x44</size>
         <input_file_ref idref="fl-f1"/>
      </object_component>
      <object_component id="oc-1c9">
         <name>.text:__TI_auto_init_nobinit_nopinit:__TI_auto_init_nobinit_nopinit</name>
         <load_address>0x2000c22c</load_address>
         <run_address>0x2000c22c</run_address>
         <size>0x44</size>
         <input_file_ref idref="fl-da"/>
      </object_component>
      <object_component id="oc-869">
         <name>.text:cc_SetupTransfer</name>
         <load_address>0x2000c270</load_address>
         <run_address>0x2000c270</run_address>
         <size>0x44</size>
         <input_file_ref idref="fl-f7"/>
      </object_component>
      <object_component id="oc-164">
         <name>.text:sl_Htonl</name>
         <load_address>0x2000c2b4</load_address>
         <run_address>0x2000c2b4</run_address>
         <size>0x42</size>
         <input_file_ref idref="fl-f5"/>
      </object_component>
      <object_component id="oc-3d6">
         <name>.text:PinModeSet</name>
         <load_address>0x2000c2f8</load_address>
         <run_address>0x2000c2f8</run_address>
         <size>0x40</size>
         <input_file_ref idref="fl-ea"/>
      </object_component>
      <object_component id="oc-8b2">
         <name>.text:_SlDrvHandleNetAppEvents</name>
         <load_address>0x2000c338</load_address>
         <run_address>0x2000c338</run_address>
         <size>0x40</size>
         <input_file_ref idref="fl-f1"/>
      </object_component>
      <object_component id="oc-8ac">
         <name>.text:_SlDrvHandleWlanEvents</name>
         <load_address>0x2000c378</load_address>
         <run_address>0x2000c378</run_address>
         <size>0x40</size>
         <input_file_ref idref="fl-f1"/>
      </object_component>
      <object_component id="oc-406">
         <name>.text:_sl_TruncatePayloadByProtocol</name>
         <load_address>0x2000c3b8</load_address>
         <run_address>0x2000c3b8</run_address>
         <size>0x40</size>
         <input_file_ref idref="fl-f5"/>
      </object_component>
      <object_component id="oc-190">
         <name>.text:sprintf</name>
         <load_address>0x2000c3f8</load_address>
         <run_address>0x2000c3f8</run_address>
         <size>0x40</size>
         <input_file_ref idref="fl-c3"/>
      </object_component>
      <object_component id="oc-20d">
         <name>.text:vsnprintf</name>
         <load_address>0x2000c438</load_address>
         <run_address>0x2000c438</run_address>
         <size>0x40</size>
         <input_file_ref idref="fl-c4"/>
      </object_component>
      <object_component id="oc-286">
         <name>.text:NwpRegisterInterruptHandler</name>
         <load_address>0x2000c478</load_address>
         <run_address>0x2000c478</run_address>
         <size>0x3e</size>
         <input_file_ref idref="fl-f7"/>
      </object_component>
      <object_component id="oc-757">
         <name>.text:_fcpy</name>
         <load_address>0x2000c4b6</load_address>
         <run_address>0x2000c4b6</run_address>
         <size>0x3e</size>
         <input_file_ref idref="fl-cf"/>
      </object_component>
      <object_component id="oc-8d3">
         <name>.text:CopyPingResultsToReport</name>
         <load_address>0x2000c4f4</load_address>
         <run_address>0x2000c4f4</run_address>
         <size>0x3c</size>
         <input_file_ref idref="fl-f2"/>
      </object_component>
      <object_component id="oc-346">
         <name>.text:PRCMPeripheralClkEnable</name>
         <load_address>0x2000c530</load_address>
         <run_address>0x2000c530</run_address>
         <size>0x3c</size>
         <input_file_ref idref="fl-eb"/>
      </object_component>
      <object_component id="oc-82f">
         <name>.text:simplelink_timerA2_start</name>
         <load_address>0x2000c56c</load_address>
         <run_address>0x2000c56c</run_address>
         <size>0x3c</size>
         <input_file_ref idref="fl-f7"/>
      </object_component>
      <object_component id="oc-15e">
         <name>.text:sl_Htons</name>
         <load_address>0x2000c5a8</load_address>
         <run_address>0x2000c5a8</run_address>
         <size>0x3c</size>
         <input_file_ref idref="fl-f5"/>
      </object_component>
      <object_component id="oc-8f6">
         <name>.text:uDMAChannelControlSet</name>
         <load_address>0x2000c5e4</load_address>
         <run_address>0x2000c5e4</run_address>
         <size>0x3c</size>
         <input_file_ref idref="fl-fa"/>
      </object_component>
      <object_component id="oc-280">
         <name>.text:NwpPowerOff</name>
         <load_address>0x2000c620</load_address>
         <run_address>0x2000c620</run_address>
         <size>0x38</size>
         <input_file_ref idref="fl-f7"/>
      </object_component>
      <object_component id="oc-fc">
         <name>.text:sl_WlanDisconnect</name>
         <load_address>0x2000c658</load_address>
         <run_address>0x2000c658</run_address>
         <size>0x38</size>
         <input_file_ref idref="fl-f6"/>
      </object_component>
      <object_component id="oc-3e2">
         <name>.text:GPIODirModeSet</name>
         <load_address>0x2000c690</load_address>
         <run_address>0x2000c690</run_address>
         <size>0x36</size>
         <input_file_ref idref="fl-e8"/>
      </object_component>
      <object_component id="oc-4bd">
         <name>.text:PRCMPeripheralStatusGet</name>
         <load_address>0x2000c6c8</load_address>
         <run_address>0x2000c6c8</run_address>
         <size>0x34</size>
         <input_file_ref idref="fl-eb"/>
      </object_component>
      <object_component id="oc-4d5">
         <name>.text:SPIFIFOLevelSet</name>
         <load_address>0x2000c6fc</load_address>
         <run_address>0x2000c6fc</run_address>
         <size>0x34</size>
         <input_file_ref idref="fl-f8"/>
      </object_component>
      <object_component id="oc-3dc">
         <name>.text:PinTypeGPIO</name>
         <load_address>0x2000c730</load_address>
         <run_address>0x2000c730</run_address>
         <size>0x30</size>
         <input_file_ref idref="fl-ea"/>
      </object_component>
      <object_component id="oc-445">
         <name>.text:UARTDisable</name>
         <load_address>0x2000c760</load_address>
         <run_address>0x2000c760</run_address>
         <size>0x30</size>
         <input_file_ref idref="fl-ec"/>
      </object_component>
      <object_component id="oc-453">
         <name>.text:_outs</name>
         <load_address>0x2000c790</load_address>
         <run_address>0x2000c790</run_address>
         <size>0x30</size>
         <input_file_ref idref="fl-c4"/>
      </object_component>
      <object_component id="oc-73a">
         <name>.text</name>
         <load_address>0x2000c7c0</load_address>
         <run_address>0x2000c7c0</run_address>
         <size>0x2e</size>
         <input_file_ref idref="fl-d8"/>
      </object_component>
      <object_component id="oc-28c">
         <name>.text:NwpPowerOn</name>
         <load_address>0x2000c7f0</load_address>
         <run_address>0x2000c7f0</run_address>
         <size>0x2c</size>
         <input_file_ref idref="fl-f7"/>
      </object_component>
      <object_component id="oc-334">
         <name>.text:PRCMSysResetCauseGet</name>
         <load_address>0x2000c81c</load_address>
         <run_address>0x2000c81c</run_address>
         <size>0x2c</size>
         <input_file_ref idref="fl-eb"/>
      </object_component>
      <object_component id="oc-55b">
         <name>.text:_SlDrvObjGlobalLockWaitForever</name>
         <load_address>0x2000c848</load_address>
         <run_address>0x2000c848</run_address>
         <size>0x2c</size>
         <input_file_ref idref="fl-f1"/>
      </object_component>
      <object_component id="oc-3a1">
         <name>.text:_SlDrvProtectionObjLockWaitForever</name>
         <load_address>0x2000c874</load_address>
         <run_address>0x2000c874</run_address>
         <size>0x2c</size>
         <input_file_ref idref="fl-f1"/>
      </object_component>
      <object_component id="oc-892">
         <name>.text:TimerLoadSet</name>
         <load_address>0x2000c8a0</load_address>
         <run_address>0x2000c8a0</run_address>
         <size>0x2a</size>
         <input_file_ref idref="fl-f9"/>
      </object_component>
      <object_component id="oc-88c">
         <name>.text:TimerPrescaleSet</name>
         <load_address>0x2000c8ca</load_address>
         <run_address>0x2000c8ca</run_address>
         <size>0x2a</size>
         <input_file_ref idref="fl-f9"/>
      </object_component>
      <object_component id="oc-352">
         <name>.text:PRCMPeripheralClkDisable</name>
         <load_address>0x2000c8f4</load_address>
         <run_address>0x2000c8f4</run_address>
         <size>0x28</size>
         <input_file_ref idref="fl-eb"/>
      </object_component>
      <object_component id="oc-561">
         <name>.text:_SlDrvGlobalObjUnLock</name>
         <load_address>0x2000c91c</load_address>
         <run_address>0x2000c91c</run_address>
         <size>0x28</size>
         <input_file_ref idref="fl-f1"/>
      </object_component>
      <object_component id="oc-3a7">
         <name>.text:_SlDrvProtectionObjUnLock</name>
         <load_address>0x2000c944</load_address>
         <run_address>0x2000c944</run_address>
         <size>0x28</size>
         <input_file_ref idref="fl-f1"/>
      </object_component>
      <object_component id="oc-3ad">
         <name>.text:_SlDrvSyncObjWaitForever</name>
         <load_address>0x2000c96c</load_address>
         <run_address>0x2000c96c</run_address>
         <size>0x28</size>
         <input_file_ref idref="fl-f1"/>
      </object_component>
      <object_component id="oc-483">
         <name>.text:free_list_insert</name>
         <load_address>0x2000c994</load_address>
         <run_address>0x2000c994</run_address>
         <size>0x28</size>
         <input_file_ref idref="fl-cb"/>
      </object_component>
      <object_component id="oc-21f">
         <name>.text:memmove</name>
         <load_address>0x2000c9bc</load_address>
         <run_address>0x2000c9bc</run_address>
         <size>0x28</size>
         <input_file_ref idref="fl-ca"/>
      </object_component>
      <object_component id="oc-63d">
         <name>.text:_SlDrvObjLockWaitForever</name>
         <load_address>0x2000c9e4</load_address>
         <run_address>0x2000c9e4</run_address>
         <size>0x26</size>
         <input_file_ref idref="fl-f1"/>
      </object_component>
      <object_component id="oc-940">
         <name>.text</name>
         <load_address>0x2000ca0a</load_address>
         <run_address>0x2000ca0a</run_address>
         <size>0x26</size>
         <input_file_ref idref="fl-4"/>
      </object_component>
      <object_component id="oc-4f3">
         <name>.text:DmaSpiSwIntHandler</name>
         <load_address>0x2000ca30</load_address>
         <run_address>0x2000ca30</run_address>
         <size>0x24</size>
         <input_file_ref idref="fl-f7"/>
      </object_component>
      <object_component id="oc-50e">
         <name>.text:IntUnregister</name>
         <load_address>0x2000ca54</load_address>
         <run_address>0x2000ca54</run_address>
         <size>0x24</size>
         <input_file_ref idref="fl-e9"/>
      </object_component>
      <object_component id="oc-44b">
         <name>.text:UARTEnable</name>
         <load_address>0x2000ca78</load_address>
         <run_address>0x2000ca78</run_address>
         <size>0x24</size>
         <input_file_ref idref="fl-ec"/>
      </object_component>
      <object_component id="oc-5b">
         <name>.text:_c_int00_noargs:_c_int00_noargs</name>
         <load_address>0x2000ca9c</load_address>
         <run_address>0x2000ca9c</run_address>
         <size>0x24</size>
         <input_file_ref idref="fl-ce"/>
      </object_component>
      <object_component id="oc-4b1">
         <name>.text:SPIReset</name>
         <load_address>0x2000cac0</load_address>
         <run_address>0x2000cac0</run_address>
         <size>0x22</size>
         <input_file_ref idref="fl-f8"/>
      </object_component>
      <object_component id="oc-7e0">
         <name>.text:SPIWordCountSet</name>
         <load_address>0x2000cae2</load_address>
         <run_address>0x2000cae2</run_address>
         <size>0x22</size>
         <input_file_ref idref="fl-f8"/>
      </object_component>
      <object_component id="oc-383">
         <name>.text:GPIOPinWrite</name>
         <load_address>0x2000cb04</load_address>
         <run_address>0x2000cb04</run_address>
         <size>0x20</size>
         <input_file_ref idref="fl-e8"/>
      </object_component>
      <object_component id="oc-4db">
         <name>.text:IntRegister</name>
         <load_address>0x2000cb24</load_address>
         <run_address>0x2000cb24</run_address>
         <size>0x20</size>
         <input_file_ref idref="fl-e9"/>
      </object_component>
      <object_component id="oc-2d1">
         <name>.text:NwpPrePowerOffTimout0</name>
         <load_address>0x2000cb44</load_address>
         <run_address>0x2000cb44</run_address>
         <size>0x20</size>
         <input_file_ref idref="fl-f7"/>
      </object_component>
      <object_component id="oc-7a1">
         <name>.text:TimerGetCurrentTimestamp</name>
         <load_address>0x2000cb64</load_address>
         <run_address>0x2000cb64</run_address>
         <size>0x20</size>
         <input_file_ref idref="fl-f7"/>
      </object_component>
      <object_component id="oc-643">
         <name>.text:_SlDrvObjUnLock</name>
         <load_address>0x2000cb84</load_address>
         <run_address>0x2000cb84</run_address>
         <size>0x20</size>
         <input_file_ref idref="fl-f1"/>
      </object_component>
      <object_component id="oc-52f">
         <name>.text:_SlDrvSyncObjSignal</name>
         <load_address>0x2000cba4</load_address>
         <run_address>0x2000cba4</run_address>
         <size>0x20</size>
         <input_file_ref idref="fl-f1"/>
      </object_component>
      <object_component id="oc-371">
         <name>.text:GPIOIntRegister</name>
         <load_address>0x2000cbc4</load_address>
         <run_address>0x2000cbc4</run_address>
         <size>0x1e</size>
         <input_file_ref idref="fl-e8"/>
      </object_component>
      <object_component id="oc-898">
         <name>.text:TimerEnable</name>
         <load_address>0x2000cbe2</load_address>
         <run_address>0x2000cbe2</run_address>
         <size>0x1e</size>
         <input_file_ref idref="fl-f9"/>
      </object_component>
      <object_component id="oc-207">
         <name>.text:UARTCharPut</name>
         <load_address>0x2000cc00</load_address>
         <run_address>0x2000cc00</run_address>
         <size>0x1e</size>
         <input_file_ref idref="fl-ec"/>
      </object_component>
      <object_component id="oc-4c3">
         <name>.text:cc_UDMAChannelSelect</name>
         <load_address>0x2000cc1e</load_address>
         <run_address>0x2000cc1e</run_address>
         <size>0x1e</size>
         <input_file_ref idref="fl-f7"/>
      </object_component>
      <object_component id="oc-835">
         <name>.text:TimerValueGet</name>
         <load_address>0x2000cc3c</load_address>
         <run_address>0x2000cc3c</run_address>
         <size>0x1c</size>
         <input_file_ref idref="fl-f9"/>
      </object_component>
      <object_component id="oc-219">
         <name>.text:UARTCharGetNonBlocking</name>
         <load_address>0x2000cc58</load_address>
         <run_address>0x2000cc58</run_address>
         <size>0x1c</size>
         <input_file_ref idref="fl-ec"/>
      </object_component>
      <object_component id="oc-684">
         <name>.text:_SlDrvStartMeasureTimeout</name>
         <load_address>0x2000cc74</load_address>
         <run_address>0x2000cc74</run_address>
         <size>0x1c</size>
         <input_file_ref idref="fl-f1"/>
      </object_component>
      <object_component id="oc-49">
         <name>.text:decompress:ZI:__TI_zero_init_nomemset:__TI_zero_init_nomemset</name>
         <load_address>0x2000cc90</load_address>
         <run_address>0x2000cc90</run_address>
         <size>0x1c</size>
         <input_file_ref idref="fl-c7"/>
      </object_component>
      <object_component id="oc-476">
         <name>.text:free_list_remove</name>
         <load_address>0x2000ccac</load_address>
         <run_address>0x2000ccac</run_address>
         <size>0x1c</size>
         <input_file_ref idref="fl-cb"/>
      </object_component>
      <object_component id="oc-617">
         <name>.text:memccpy</name>
         <load_address>0x2000ccc8</load_address>
         <run_address>0x2000ccc8</run_address>
         <size>0x1c</size>
         <input_file_ref idref="fl-e3"/>
      </object_component>
      <object_component id="oc-908">
         <name>.text:uDMAChannelEnable</name>
         <load_address>0x2000cce4</load_address>
         <run_address>0x2000cce4</run_address>
         <size>0x1c</size>
         <input_file_ref idref="fl-fa"/>
      </object_component>
      <object_component id="oc-37d">
         <name>.text:GPIOIntEnable</name>
         <load_address>0x2000cd00</load_address>
         <run_address>0x2000cd00</run_address>
         <size>0x1a</size>
         <input_file_ref idref="fl-e8"/>
      </object_component>
      <object_component id="oc-3e8">
         <name>.text:PinTypeUART</name>
         <load_address>0x2000cd1a</load_address>
         <run_address>0x2000cd1a</run_address>
         <size>0x1a</size>
         <input_file_ref idref="fl-ea"/>
      </object_component>
      <object_component id="oc-585">
         <name>.text:SPIDmaDisable</name>
         <load_address>0x2000cd34</load_address>
         <run_address>0x2000cd34</run_address>
         <size>0x1a</size>
         <input_file_ref idref="fl-f8"/>
      </object_component>
      <object_component id="oc-4cf">
         <name>.text:SPIDmaEnable</name>
         <load_address>0x2000cd4e</load_address>
         <run_address>0x2000cd4e</run_address>
         <size>0x1a</size>
         <input_file_ref idref="fl-f8"/>
      </object_component>
      <object_component id="oc-57f">
         <name>.text:SPIFIFODisable</name>
         <load_address>0x2000cd68</load_address>
         <run_address>0x2000cd68</run_address>
         <size>0x1a</size>
         <input_file_ref idref="fl-f8"/>
      </object_component>
      <object_component id="oc-4c9">
         <name>.text:SPIFIFOEnable</name>
         <load_address>0x2000cd82</load_address>
         <run_address>0x2000cd82</run_address>
         <size>0x1a</size>
         <input_file_ref idref="fl-f8"/>
      </object_component>
      <object_component id="oc-579">
         <name>.text:SPIIntUnregister</name>
         <load_address>0x2000cd9c</load_address>
         <run_address>0x2000cd9c</run_address>
         <size>0x1a</size>
         <input_file_ref idref="fl-f8"/>
      </object_component>
      <object_component id="oc-183">
         <name>.text:GPIOPinRead</name>
         <load_address>0x2000cdb6</load_address>
         <run_address>0x2000cdb6</run_address>
         <size>0x18</size>
         <input_file_ref idref="fl-e8"/>
      </object_component>
      <object_component id="oc-4a5">
         <name>.text:SPICSDisable</name>
         <load_address>0x2000cdce</load_address>
         <run_address>0x2000cdce</run_address>
         <size>0x18</size>
         <input_file_ref idref="fl-f8"/>
      </object_component>
      <object_component id="oc-7da">
         <name>.text:SPICSEnable</name>
         <load_address>0x2000cde6</load_address>
         <run_address>0x2000cde6</run_address>
         <size>0x18</size>
         <input_file_ref idref="fl-f8"/>
      </object_component>
      <object_component id="oc-4ab">
         <name>.text:SPIDisable</name>
         <load_address>0x2000cdfe</load_address>
         <run_address>0x2000cdfe</run_address>
         <size>0x18</size>
         <input_file_ref idref="fl-f8"/>
      </object_component>
      <object_component id="oc-4e7">
         <name>.text:SPIEnable</name>
         <load_address>0x2000ce16</load_address>
         <run_address>0x2000ce16</run_address>
         <size>0x18</size>
         <input_file_ref idref="fl-f8"/>
      </object_component>
      <object_component id="oc-213">
         <name>.text:UARTCharsAvail</name>
         <load_address>0x2000ce2e</load_address>
         <run_address>0x2000ce2e</run_address>
         <size>0x18</size>
         <input_file_ref idref="fl-ec"/>
      </object_component>
      <object_component id="oc-494">
         <name>.text:_SlNonOsSemSet</name>
         <load_address>0x2000ce46</load_address>
         <run_address>0x2000ce46</run_address>
         <size>0x18</size>
         <input_file_ref idref="fl-f4"/>
      </object_component>
      <object_component id="oc-459">
         <name>.text:_outc</name>
         <load_address>0x2000ce5e</load_address>
         <run_address>0x2000ce5e</run_address>
         <size>0x18</size>
         <input_file_ref idref="fl-c4"/>
      </object_component>
      <object_component id="oc-3f8">
         <name>.text:_outs</name>
         <load_address>0x2000ce76</load_address>
         <run_address>0x2000ce76</run_address>
         <size>0x18</size>
         <input_file_ref idref="fl-c3"/>
      </object_component>
      <object_component id="oc-29e">
         <name>.text:_sl_GetStartResponseConvert</name>
         <load_address>0x2000ce90</load_address>
         <run_address>0x2000ce90</run_address>
         <size>0x18</size>
         <input_file_ref idref="fl-f0"/>
      </object_component>
      <object_component id="oc-33a">
         <name>.text:PRCMHIBRegRead</name>
         <load_address>0x2000cea8</load_address>
         <run_address>0x2000cea8</run_address>
         <size>0x16</size>
         <input_file_ref idref="fl-eb"/>
      </object_component>
      <object_component id="oc-340">
         <name>.text:PRCMHIBRegWrite</name>
         <load_address>0x2000cebe</load_address>
         <run_address>0x2000cebe</run_address>
         <size>0x16</size>
         <input_file_ref idref="fl-eb"/>
      </object_component>
      <object_component id="oc-35b">
         <name>.text:_SlDrvMemZero</name>
         <load_address>0x2000ced4</load_address>
         <run_address>0x2000ced4</run_address>
         <size>0x16</size>
         <input_file_ref idref="fl-f1"/>
      </object_component>
      <object_component id="oc-76b">
         <name>.text:strchr</name>
         <load_address>0x2000ceea</load_address>
         <run_address>0x2000ceea</run_address>
         <size>0x16</size>
         <input_file_ref idref="fl-e4"/>
      </object_component>
      <object_component id="oc-329">
         <name>.text:CPUcpsie</name>
         <load_address>0x2000cf00</load_address>
         <run_address>0x2000cf00</run_address>
         <size>0x14</size>
         <input_file_ref idref="fl-ee"/>
      </object_component>
      <object_component id="oc-377">
         <name>.text:GPIOIntClear</name>
         <load_address>0x2000cf14</load_address>
         <run_address>0x2000cf14</run_address>
         <size>0x14</size>
         <input_file_ref idref="fl-e8"/>
      </object_component>
      <object_component id="oc-121">
         <name>.text:IntVTableBaseSet</name>
         <load_address>0x2000cf28</load_address>
         <run_address>0x2000cf28</run_address>
         <size>0x14</size>
         <input_file_ref idref="fl-e9"/>
      </object_component>
      <object_component id="oc-18a">
         <name>.text:strcpy</name>
         <load_address>0x2000cf3c</load_address>
         <run_address>0x2000cf3c</run_address>
         <size>0x14</size>
         <input_file_ref idref="fl-cc"/>
      </object_component>
      <object_component id="oc-139">
         <name>.text:strlen</name>
         <load_address>0x2000cf50</load_address>
         <run_address>0x2000cf50</run_address>
         <size>0x14</size>
         <input_file_ref idref="fl-cd"/>
      </object_component>
      <object_component id="oc-61d">
         <name>.text:wcslen</name>
         <load_address>0x2000cf64</load_address>
         <run_address>0x2000cf64</run_address>
         <size>0x12</size>
         <input_file_ref idref="fl-d2"/>
      </object_component>
      <object_component id="oc-8c6">
         <name>.text:_SlDrvDispatchHttpServerEvents</name>
         <load_address>0x2000cf76</load_address>
         <run_address>0x2000cf76</run_address>
         <size>0x10</size>
         <input_file_ref idref="fl-f1"/>
      </object_component>
      <object_component id="oc-2ec">
         <name>.text:_SlDrvResetCmdExt</name>
         <load_address>0x2000cf86</load_address>
         <run_address>0x2000cf86</run_address>
         <size>0xe</size>
         <input_file_ref idref="fl-f1"/>
      </object_component>
      <object_component id="oc-1b">
         <name>.text:decompress:none:__TI_decompress_none</name>
         <load_address>0x2000cf94</load_address>
         <run_address>0x2000cf94</run_address>
         <size>0xe</size>
         <input_file_ref idref="fl-c8"/>
      </object_component>
      <object_component id="oc-29">
         <name>.text</name>
         <load_address>0x2000cfa2</load_address>
         <run_address>0x2000cfa2</run_address>
         <size>0xe</size>
         <input_file_ref idref="fl-6"/>
      </object_component>
      <object_component id="oc-501">
         <name>.text:NwpMaskInterrupt</name>
         <load_address>0x2000cfb0</load_address>
         <run_address>0x2000cfb0</run_address>
         <size>0xc</size>
         <input_file_ref idref="fl-f7"/>
      </object_component>
      <object_component id="oc-51b">
         <name>.text:NwpUnMaskInterrupt</name>
         <load_address>0x2000cfbc</load_address>
         <run_address>0x2000cfbc</run_address>
         <size>0xc</size>
         <input_file_ref idref="fl-f7"/>
      </object_component>
      <object_component id="oc-813">
         <name>.text:copysign</name>
         <load_address>0x2000cfc8</load_address>
         <run_address>0x2000cfc8</run_address>
         <size>0xc</size>
         <input_file_ref idref="fl-e6"/>
      </object_component>
      <object_component id="oc-127">
         <name>.text:IntMasterEnable</name>
         <load_address>0x2000cfd4</load_address>
         <run_address>0x2000cfd4</run_address>
         <size>0xa</size>
         <input_file_ref idref="fl-e9"/>
      </object_component>
      <object_component id="oc-3fe">
         <name>.text:_outc</name>
         <load_address>0x2000cfde</load_address>
         <run_address>0x2000cfde</run_address>
         <size>0xa</size>
         <input_file_ref idref="fl-c3"/>
      </object_component>
      <object_component id="oc-623">
         <name>.text:__aeabi_errno_addr</name>
         <load_address>0x2000cfe8</load_address>
         <run_address>0x2000cfe8</run_address>
         <size>0x8</size>
         <input_file_ref idref="fl-e5"/>
      </object_component>
      <object_component id="oc-225">
         <name>.text:malloc</name>
         <load_address>0x2000cff0</load_address>
         <run_address>0x2000cff0</run_address>
         <size>0x8</size>
         <input_file_ref idref="fl-cb"/>
      </object_component>
      <object_component id="oc-14b">
         <name>.text:UtilsDelay</name>
         <load_address>0x2000cff8</load_address>
         <run_address>0x2000cff8</run_address>
         <size>0x6</size>
         <input_file_ref idref="fl-ed"/>
      </object_component>
      <object_component id="oc-91">
         <name>.text:_system_pre_init</name>
         <load_address>0x2000cffe</load_address>
         <run_address>0x2000cffe</run_address>
         <size>0x4</size>
         <input_file_ref idref="fl-db"/>
      </object_component>
      <object_component id="oc-1bd">
         <name>.text:abort:abort</name>
         <load_address>0x2000d002</load_address>
         <run_address>0x2000d002</run_address>
         <size>0x4</size>
         <input_file_ref idref="fl-dd"/>
      </object_component>
      <object_component id="oc-714">
         <name>.const:.string:_ctypes_</name>
         <load_address>0x2000d008</load_address>
         <run_address>0x2000d008</run_address>
         <size>0x101</size>
         <input_file_ref idref="fl-e2"/>
      </object_component>
      <object_component id="oc-5df">
         <name>.const:g_ulPinToPadMap</name>
         <load_address>0x2000d10c</load_address>
         <run_address>0x2000d10c</run_address>
         <size>0x100</size>
         <input_file_ref idref="fl-ea"/>
      </object_component>
      <object_component id="oc-5b9">
         <name>.const:g_pulRegs</name>
         <load_address>0x2000d20c</load_address>
         <run_address>0x2000d20c</run_address>
         <size>0xd4</size>
         <input_file_ref idref="fl-e9"/>
      </object_component>
      <object_component id="oc-5ac">
         <name>.const:PRCM_PeriphRegsList</name>
         <load_address>0x2000d2e0</load_address>
         <run_address>0x2000d2e0</run_address>
         <size>0xa8</size>
         <input_file_ref idref="fl-eb"/>
      </object_component>
      <object_component id="oc-7d0">
         <name>.const:OpcodeTranslateTable</name>
         <load_address>0x2000d388</load_address>
         <run_address>0x2000d388</run_address>
         <size>0x3c</size>
         <input_file_ref idref="fl-f1"/>
      </object_component>
      <object_component id="oc-863">
         <name>.const:_SlActionLookupTable</name>
         <load_address>0x2000d3c4</load_address>
         <run_address>0x2000d3c4</run_address>
         <size>0x38</size>
         <input_file_ref idref="fl-f1"/>
      </object_component>
      <object_component id="oc-246">
         <name>.const:.string</name>
         <load_address>0x2000d3fc</load_address>
         <run_address>0x2000d3fc</run_address>
[...]
      </symbol>
      <symbol id="sm-a22">
         <name>sl_Start</name>
         <value>0x2000971d</value>
         <object_component_ref idref="oc-d2"/>
      </symbol>
      <symbol id="sm-a23">
         <name>sl_DevGet</name>
         <value>0x20009efd</value>
         <object_component_ref idref="oc-ea"/>
      </symbol>
      <symbol id="sm-d11">
         <name>RxIrqCnt</name>
         <value>0x2001f214</value>
      </symbol>
      <symbol id="sm-d12">
         <name>g_bDeviceRestartIsRequired</name>
         <value>0x2001f215</value>
      </symbol>
      <symbol id="sm-d13">
         <name>_SlDrvProtectionObjUnLock</name>
         <value>0x2000c945</value>
         <object_component_ref idref="oc-3a7"/>
      </symbol>
      <symbol id="sm-d14">
         <name>_SlDrvBasicCmd</name>
         <value>0x2000c08d</value>
         <object_component_ref idref="oc-303"/>
      </symbol>
      <symbol id="sm-d15">
         <name>_SlDrvObjUnLock</name>
         <value>0x2000cb85</value>
         <object_component_ref idref="oc-643"/>
      </symbol>
      <symbol id="sm-d16">
         <name>_SlDrvObjLockWaitForever</name>
         <value>0x2000c9e5</value>
         <object_component_ref idref="oc-63d"/>
      </symbol>
      <symbol id="sm-d17">
         <name>_SlDrvMsgReadSpawnCtx</name>
         <value>0x200098f1</value>
         <object_component_ref idref="oc-54e"/>
      </symbol>
      <symbol id="sm-d18">
         <name>_SlDrvDispatchHttpServerEvents</name>
         <value>0x2000cf77</value>
         <object_component_ref idref="oc-8c6"/>
      </symbol>
      <symbol id="sm-d19">
         <name>_SlDrvHandleNetAppEvents</name>
         <value>0x2000c339</value>
         <object_component_ref idref="oc-8b2"/>
      </symbol>
      <symbol id="sm-d1a">
         <name>_SlDriverHandleError</name>
         <value>0x2000a401</value>
         <object_component_ref idref="oc-522"/>
      </symbol>
      <symbol id="sm-d1b">
         <name>_SlDrvDriverCBDeinit</name>
         <value>0x20008de9</value>
         <object_component_ref idref="oc-2dd"/>
      </symbol>
      <symbol id="sm-d1c">
         <name>_SlDrvStartMeasureTimeout</name>
         <value>0x2000cc75</value>
         <object_component_ref idref="oc-684"/>
      </symbol>
      <symbol id="sm-d1d">
         <name>_SlDrvResetCmdExt</name>
         <value>0x2000cf87</value>
         <object_component_ref idref="oc-2ec"/>
      </symbol>
      <symbol id="sm-d1e">
         <name>_SlDrvIsTimeoutExpired</name>
         <value>0x2000ae09</value>
         <object_component_ref idref="oc-68a"/>
      </symbol>
      <symbol id="sm-d1f">
         <name>_SlDrvProtectAsyncRespSetting</name>
         <value>0x2000becd</value>
         <object_component_ref idref="oc-27a"/>
      </symbol>
      <symbol id="sm-d20">
         <name>_SlDrvReleasePoolObj</name>
         <value>0x20007679</value>
         <object_component_ref idref="oc-298"/>
      </symbol>
      <symbol id="sm-d21">
         <name>_SlDrvHandleWlanEvents</name>
         <value>0x2000c379</value>
         <object_component_ref idref="oc-8ac"/>
      </symbol>
      <symbol id="sm-d22">
         <name>OpcodeTranslateTable</name>
         <value>0x2000d388</value>
         <object_component_ref idref="oc-7d0"/>
      </symbol>
      <symbol id="sm-d23">
         <name>pPingCallBackFunc</name>
         <value>0x2001f284</value>
         <object_component_ref idref="oc-2a7"/>
      </symbol>
      <symbol id="sm-d24">
         <name>_SlDrvDriverCBInit</name>
         <value>0x20007bcd</value>
         <object_component_ref idref="oc-26e"/>
      </symbol>
      <symbol id="sm-d25">
         <name>g_pCB</name>
         <value>0x2001f280</value>
         <object_component_ref idref="oc-2a7"/>
      </symbol>
      <symbol id="sm-d26">
         <name>_SlDrvProtectionObjLockWaitForever</name>
         <value>0x2000c875</value>
         <object_component_ref idref="oc-3a1"/>
      </symbol>
      <symbol id="sm-d27">
         <name>_SlDrvCmdOp</name>
         <value>0x2000a08d</value>
         <object_component_ref idref="oc-2c1"/>
      </symbol>
      <symbol id="sm-d28">
         <name>_SlDrvSyncObjWaitTimeout</name>
         <value>0x2000c1e9</value>
         <object_component_ref idref="oc-292"/>
      </symbol>
      <symbol id="sm-d29">
         <name>_SlDrvGlobalObjUnLock</name>
         <value>0x2000c91d</value>
         <object_component_ref idref="oc-561"/>
      </symbol>
      <symbol id="sm-d2a">
         <name>_SlDrvMemZero</name>
         <value>0x2000ced5</value>
         <object_component_ref idref="oc-35b"/>
      </symbol>
      <symbol id="sm-d2b">
         <name>_SlDrvWaitForPoolObj</name>
         <value>0x20007f1d</value>
         <object_component_ref idref="oc-39b"/>
      </symbol>
      <symbol id="sm-d2c">
         <name>_SlDrvSyncObjSignal</name>
         <value>0x2000cba5</value>
         <object_component_ref idref="oc-52f"/>
      </symbol>
      <symbol id="sm-d2d">
         <name>_SlDrvDataReadOp</name>
         <value>0x20007495</value>
         <object_component_ref idref="oc-41a"/>
      </symbol>
      <symbol id="sm-d2e">
         <name>_SlDrvDataWriteOp</name>
         <value>0x20008521</value>
         <object_component_ref idref="oc-40c"/>
      </symbol>
      <symbol id="sm-d2f">
         <name>_SlDrvRxIrqHandler</name>
         <value>0x2000bc95</value>
         <object_component_ref idref="oc-2aa"/>
      </symbol>
      <symbol id="sm-d30">
         <name>_SlDrvHandleHttpServerEvents</name>
         <value>0x2000c1a5</value>
         <object_component_ref idref="oc-924"/>
      </symbol>
      <symbol id="sm-d31">
         <name>_SlDrvSyncObjWaitForever</name>
         <value>0x2000c96d</value>
         <object_component_ref idref="oc-3ad"/>
      </symbol>
      <symbol id="sm-d32">
         <name>g_SlDeviceStatus</name>
         <value>0x2001f27c</value>
         <object_component_ref idref="oc-2a7"/>
      </symbol>
      <symbol id="sm-d33">
         <name>_SlDrvCmdSend</name>
         <value>0x2000b689</value>
         <object_component_ref idref="oc-92b"/>
      </symbol>
      <symbol id="sm-d34">
         <name>_SlActionLookupTable</name>
         <value>0x2000d3c4</value>
         <object_component_ref idref="oc-863"/>
      </symbol>
      <symbol id="sm-ddc">
         <name>sl_NetAppMDNSUnRegisterService</name>
         <value>0x2000b891</value>
         <object_component_ref idref="oc-10e"/>
      </symbol>
      <symbol id="sm-ddd">
         <name>_SlNetAppSendTokenValueCmdCtrl</name>
         <value>0x2000d5da</value>
         <object_component_ref idref="oc-931"/>
      </symbol>
      <symbol id="sm-dde">
         <name>sl_NetAppDnsGetHostByName</name>
         <value>0x200088fd</value>
         <object_component_ref idref="oc-158"/>
      </symbol>
      <symbol id="sm-ddf">
         <name>_sl_HandleAsync_DnsGetHostByName</name>
         <value>0x2000ab41</value>
         <object_component_ref idref="oc-8ba"/>
      </symbol>
      <symbol id="sm-de0">
         <name>_sl_HandleAsync_PingResponse</name>
         <value>0x2000abd1</value>
         <object_component_ref idref="oc-84f"/>
      </symbol>
      <symbol id="sm-de1">
         <name>_SlDrvNetAppEventHandler</name>
         <value>0x2000914d</value>
         <object_component_ref idref="oc-849"/>
      </symbol>
      <symbol id="sm-de2">
         <name>_sl_HandleAsync_DnsGetHostByService</name>
         <value>0x20009e31</value>
         <object_component_ref idref="oc-8c0"/>
      </symbol>
      <symbol id="sm-de3">
         <name>_sl_NetAppSendTokenValue</name>
         <value>0x2000b6f5</value>
         <object_component_ref idref="oc-8cc"/>
      </symbol>
      <symbol id="sm-de4">
         <name>sl_NetAppMDNSRegisterUnregisterService</name>
         <value>0x20009ba1</value>
         <object_component_ref idref="oc-318"/>
      </symbol>
      <symbol id="sm-e06">
         <name>sl_NetCfgSet</name>
         <value>0x2000a7b5</value>
         <object_component_ref idref="oc-102"/>
      </symbol>
      <symbol id="sm-e4e">
         <name>_SlNonOsSemSet</name>
         <value>0x2000ce47</value>
         <object_component_ref idref="oc-494"/>
      </symbol>
      <symbol id="sm-e4f">
         <name>_SlNonOsSpawn</name>
         <value>0x2000b7c9</value>
         <object_component_ref idref="oc-548"/>
      </symbol>
      <symbol id="sm-e50">
         <name>_SlNonOsSemGet</name>
         <value>0x2000a201</value>
         <object_component_ref idref="oc-49a"/>
      </symbol>
      <symbol id="sm-e51">
         <name>_SlNonOsMainLoopTask</name>
         <value>0x2000b535</value>
         <object_component_ref idref="oc-d8"/>
      </symbol>
      <symbol id="sm-e52">
         <name>g__SlNonOsCB</name>
         <value>0x2001f21c</value>
         <object_component_ref idref="oc-2bc"/>
      </symbol>
      <symbol id="sm-f53">
         <name>sl_Recv</name>
         <value>0x2000a545</value>
         <object_component_ref idref="oc-1a2"/>
      </symbol>
      <symbol id="sm-f54">
         <name>sl_Send</name>
         <value>0x20008cb5</value>
         <object_component_ref idref="oc-196"/>
      </symbol>
      <symbol id="sm-f55">
         <name>_sl_HandleAsync_Connect</name>
         <value>0x2000b249</value>
         <object_component_ref idref="oc-8e2"/>
      </symbol>
      <symbol id="sm-f56">
         <name>sl_Htonl</name>
         <value>0x2000c2b5</value>
         <object_component_ref idref="oc-164"/>
      </symbol>
      <symbol id="sm-f57">
         <name>sl_Htons</name>
         <value>0x2000c5a9</value>
         <object_component_ref idref="oc-15e"/>
      </symbol>
      <symbol id="sm-f58">
         <name>sl_Connect</name>
         <value>0x200080ad</value>
         <object_component_ref idref="oc-176"/>
      </symbol>
      <symbol id="sm-f59">
         <name>sl_Socket</name>
         <value>0x2000af21</value>
         <object_component_ref idref="oc-16a"/>
      </symbol>
      <symbol id="sm-f5a">
         <name>_sl_HandleAsync_Select</name>
         <value>0x2000bd3d</value>
         <object_component_ref idref="oc-8e8"/>
      </symbol>
      <symbol id="sm-f5b">
         <name>sl_Close</name>
         <value>0x2000b9bd</value>
         <object_component_ref idref="oc-19c"/>
      </symbol>
      <symbol id="sm-f5c">
         <name>_sl_HandleAsync_Accept</name>
         <value>0x2000b82d</value>
         <object_component_ref idref="oc-8dc"/>
      </symbol>
      <symbol id="sm-f5d">
         <name>sl_SetSockOpt</name>
         <value>0x2000a84d</value>
         <object_component_ref idref="oc-170"/>
      </symbol>
      <symbol id="sm-1017">
         <name>sl_WlanDisconnect</name>
         <value>0x2000c659</value>
         <object_component_ref idref="oc-fc"/>
      </symbol>
      <symbol id="sm-1018">
         <name>sl_WlanPolicySet</name>
         <value>0x2000ac61</value>
         <object_component_ref idref="oc-f0"/>
      </symbol>
      <symbol id="sm-1019">
         <name>sl_WlanProfileDel</name>
         <value>0x2000ba1d</value>
         <object_component_ref idref="oc-f6"/>
      </symbol>
      <symbol id="sm-101a">
         <name>sl_WlanRxFilterSet</name>
         <value>0x2000b141</value>
         <object_component_ref idref="oc-11a"/>
      </symbol>
      <symbol id="sm-101b">
         <name>sl_WlanConnect</name>
         <value>0x20006ae9</value>
         <object_component_ref idref="oc-13f"/>
      </symbol>
      <symbol id="sm-101c">
         <name>sl_WlanSet</name>
         <value>0x2000a8e5</value>
         <object_component_ref idref="oc-108"/>
      </symbol>
      <symbol id="sm-101d">
         <name>sl_WlanSetMode</name>
         <value>0x2000ba7d</value>
         <object_component_ref idref="oc-de"/>
      </symbol>
      <symbol id="sm-113d">
         <name>g_ucDinDout</name>
         <value>0x2001f168</value>
      </symbol>
      <symbol id="sm-113e">
         <name>g_cDummy</name>
         <value>0x2001f216</value>
      </symbol>
      <symbol id="sm-113f">
         <name>NwpMaskInterrupt</name>
         <value>0x2000cfb1</value>
         <object_component_ref idref="oc-501"/>
      </symbol>
      <symbol id="sm-1140">
         <name>NwpPrePowerOffTimout0</name>
         <value>0x2000cb45</value>
         <object_component_ref idref="oc-2d1"/>
      </symbol>
      <symbol id="sm-1141">
         <name>NwpRegisterInterruptHandler</name>
         <value>0x2000c479</value>
         <object_component_ref idref="oc-286"/>
      </symbol>
      <symbol id="sm-1142">
         <name>g_pHostIntHdl</name>
         <value>0x2001f29c</value>
         <object_component_ref idref="oc-4ed"/>
      </symbol>
      <symbol id="sm-1143">
         <name>simplelink_timerA2_start</name>
         <value>0x2000c56d</value>
         <object_component_ref idref="oc-82f"/>
      </symbol>
      <symbol id="sm-1144">
         <name>NwpUnMaskInterrupt</name>
         <value>0x2000cfbd</value>
         <object_component_ref idref="oc-51b"/>
      </symbol>
      <symbol id="sm-1145">
         <name>NwpPowerOff</name>
         <value>0x2000c621</value>
         <object_component_ref idref="oc-280"/>
      </symbol>
      <symbol id="sm-1146">
         <name>TimerGetCurrentTimestamp</name>
         <value>0x2000cb65</value>
         <object_component_ref idref="oc-7a1"/>
      </symbol>
      <symbol id="sm-1147">
         <name>spi_Read</name>
         <value>0x2000953d</value>
         <object_component_ref idref="oc-7c3"/>
      </symbol>
      <symbol id="sm-1148">
         <name>DmaSpiSwIntHandler</name>
         <value>0x2000ca31</value>
         <object_component_ref idref="oc-4f3"/>
      </symbol>
      <symbol id="sm-1149">
         <name>NwpPowerOn</name>
         <value>0x2000c7f1</value>
         <object_component_ref idref="oc-28c"/>
      </symbol>
      <symbol id="sm-114a">
         <name>spi_Close</name>
         <value>0x2000b445</value>
         <object_component_ref idref="oc-2d7"/>
      </symbol>
      <symbol id="sm-114b">
         <name>spi_Write</name>
         <value>0x2000a97d</value>
         <object_component_ref idref="oc-6ea"/>
      </symbol>
      <symbol id="sm-114c">
         <name>spi_Open</name>
         <value>0x20008671</value>
         <object_component_ref idref="oc-274"/>
      </symbol>
      <symbol id="sm-114d">
         <name>g_ucDMAEnabled</name>
         <value>0x2001f2a0</value>
         <object_component_ref idref="oc-4ed"/>
      </symbol>
      <symbol id="sm-114e">
         <name>g_SpiFd</name>
         <value>0x2001f298</value>
         <object_component_ref idref="oc-4ed"/>
      </symbol>
      <symbol id="sm-1209">
         <name>SPIFIFODisable</name>
         <value>0x2000cd69</value>
         <object_component_ref idref="oc-57f"/>
      </symbol>
      <symbol id="sm-120a">
         <name>SPICSEnable</name>
         <value>0x2000cde7</value>
         <object_component_ref idref="oc-7da"/>
      </symbol>
      <symbol id="sm-120b">
         <name>SPIDisable</name>
         <value>0x2000cdff</value>
         <object_component_ref idref="oc-4ab"/>
      </symbol>
      <symbol id="sm-120c">
         <name>SPIFIFOEnable</name>
         <value>0x2000cd83</value>
         <object_component_ref idref="oc-4c9"/>
      </symbol>
      <symbol id="sm-120d">
         <name>SPIWordCountSet</name>
         <value>0x2000cae3</value>
         <object_component_ref idref="oc-7e0"/>
      </symbol>
      <symbol id="sm-120e">
         <name>SPIEnable</name>
         <value>0x2000ce17</value>
         <object_component_ref idref="oc-4e7"/>
      </symbol>
      <symbol id="sm-120f">
         <name>SPIDmaEnable</name>
         <value>0x2000cd4f</value>
         <object_component_ref idref="oc-4cf"/>
      </symbol>
      <symbol id="sm-1210">
         <name>SPIConfigSetExpClk</name>
         <value>0x2000a4a5</value>
         <object_component_ref idref="oc-4b7"/>
      </symbol>
      <symbol id="sm-1211">
         <name>SPIIntUnregister</name>
         <value>0x2000cd9d</value>
         <object_component_ref idref="oc-579"/>
      </symbol>
      <symbol id="sm-1212">
         <name>SPIFIFOLevelSet</name>
         <value>0x2000c6fd</value>
         <object_component_ref idref="oc-4d5"/>
      </symbol>
      <symbol id="sm-1213">
         <name>SPIDmaDisable</name>
         <value>0x2000cd35</value>
         <object_component_ref idref="oc-585"/>
      </symbol>
      <symbol id="sm-1214">
         <name>SPIReset</name>
         <value>0x2000cac1</value>
         <object_component_ref idref="oc-4b1"/>
      </symbol>
      <symbol id="sm-1215">
         <name>SPIIntEnable</name>
         <value>0x2000be35</value>
         <object_component_ref idref="oc-4e1"/>
      </symbol>
      <symbol id="sm-1216">
         <name>SPIIntClear</name>
         <value>0x2000c045</value>
         <object_component_ref idref="oc-6bd"/>
      </symbol>
      <symbol id="sm-1217">
         <name>SPICSDisable</name>
         <value>0x2000cdcf</value>
         <object_component_ref idref="oc-4a5"/>
      </symbol>
      <symbol id="sm-124a">
         <name>TimerLoadSet</name>
         <value>0x2000c8a1</value>
         <object_component_ref idref="oc-892"/>
      </symbol>
      <symbol id="sm-124b">
         <name>TimerEnable</name>
         <value>0x2000cbe3</value>
         <object_component_ref idref="oc-898"/>
      </symbol>
      <symbol id="sm-124c">
         <name>TimerValueGet</name>
         <value>0x2000cc3d</value>
         <object_component_ref idref="oc-835"/>
      </symbol>
      <symbol id="sm-124d">
         <name>TimerPrescaleSet</name>
         <value>0x2000c8cb</value>
         <object_component_ref idref="oc-88c"/>
      </symbol>
      <symbol id="sm-124e">
         <name>TimerConfigure</name>
         <value>0x2000c161</value>
         <object_component_ref idref="oc-886"/>
      </symbol>
      <symbol id="sm-12a5">
         <name>uDMAChannelControlSet</name>
         <value>0x2000c5e5</value>
         <object_component_ref idref="oc-8f6"/>
      </symbol>
      <symbol id="sm-12a6">
         <name>uDMAChannelAttributeEnable</name>
         <value>0x2000b959</value>
         <object_component_ref idref="oc-8fc"/>
      </symbol>
      <symbol id="sm-12a7">
         <name>uDMAChannelTransferSet</name>
         <value>0x2000962d</value>
         <object_component_ref idref="oc-902"/>
      </symbol>
      <symbol id="sm-12a8">
         <name>uDMAChannelAssign</name>
         <value>0x2000bfb1</value>
         <object_component_ref idref="oc-69b"/>
      </symbol>
      <symbol id="sm-12a9">
         <name>uDMAChannelAttributeDisable</name>
         <value>0x2000b8f5</value>
         <object_component_ref idref="oc-6a1"/>
      </symbol>
      <symbol id="sm-12aa">
         <name>uDMAChannelEnable</name>
         <value>0x2000cce5</value>
         <object_component_ref idref="oc-908"/>
      </symbol>
      <symbol id="sm-12ab">
         <name>__TI_static_base__</name>
         <value>0x2000d620</value>
      </symbol>
      <symbol id="sm-12ae">
         <name>__mpu_init</name>
         <value>0x0</value>
      </symbol>
      <symbol id="sm-12af">
         <name>_system_post_cinit</name>
         <value>0x0</value>
      </symbol>
   </symbol_table>
   <title>Link successful</title>
</link_info>
